Archive member included to satisfy reference by file (symbol)

c:/st/stm32cubeide_1.12.1/stm32cubeide/plugins/com.st.stm32cube.ide.mcu.externaltools.gnu-tools-for-stm32.10.3-2021.10.win32_1.0.200.202301161003/tools/bin/../lib/gcc/arm-none-eabi/10.3.1/../../../../arm-none-eabi/lib/thumb/v7-m/nofp\libc_nano.a(lib_a-errno.o)
                              ./Core/Src/syscalls.o (__errno)
c:/st/stm32cubeide_1.12.1/stm32cubeide/plugins/com.st.stm32cube.ide.mcu.externaltools.gnu-tools-for-stm32.10.3-2021.10.win32_1.0.200.202301161003/tools/bin/../lib/gcc/arm-none-eabi/10.3.1/../../../../arm-none-eabi/lib/thumb/v7-m/nofp\libc_nano.a(lib_a-exit.o)
                              c:/st/stm32cubeide_1.12.1/stm32cubeide/plugins/com.st.stm32cube.ide.mcu.externaltools.gnu-tools-for-stm32.10.3-2021.10.win32_1.0.200.202301161003/tools/bin/../lib/gcc/arm-none-eabi/10.3.1/../../../../arm-none-eabi/lib/thumb/v7-m/nofp/crt0.o (exit)
c:/st/stm32cubeide_1.12.1/stm32cubeide/plugins/com.st.stm32cube.ide.mcu.externaltools.gnu-tools-for-stm32.10.3-2021.10.win32_1.0.200.202301161003/tools/bin/../lib/gcc/arm-none-eabi/10.3.1/../../../../arm-none-eabi/lib/thumb/v7-m/nofp\libc_nano.a(lib_a-findfp.o)
                              ./Middlewares/Third_Party/FreeRTOS/Source/tasks.o (__sf_fake_stderr)
c:/st/stm32cubeide_1.12.1/stm32cubeide/plugins/com.st.stm32cube.ide.mcu.externaltools.gnu-tools-for-stm32.10.3-2021.10.win32_1.0.200.202301161003/tools/bin/../lib/gcc/arm-none-eabi/10.3.1/../../../../arm-none-eabi/lib/thumb/v7-m/nofp\libc_nano.a(lib_a-fwalk.o)
                              c:/st/stm32cubeide_1.12.1/stm32cubeide/plugins/com.st.stm32cube.ide.mcu.externaltools.gnu-tools-for-stm32.10.3-2021.10.win32_1.0.200.202301161003/tools/bin/../lib/gcc/arm-none-eabi/10.3.1/../../../../arm-none-eabi/lib/thumb/v7-m/nofp\libc_nano.a(lib_a-findfp.o) (_fwalk)
c:/st/stm32cubeide_1.12.1/stm32cubeide/plugins/com.st.stm32cube.ide.mcu.externaltools.gnu-tools-for-stm32.10.3-2021.10.win32_1.0.200.202301161003/tools/bin/../lib/gcc/arm-none-eabi/10.3.1/../../../../arm-none-eabi/lib/thumb/v7-m/nofp\libc_nano.a(lib_a-impure.o)
                              c:/st/stm32cubeide_1.12.1/stm32cubeide/plugins/com.st.stm32cube.ide.mcu.externaltools.gnu-tools-for-stm32.10.3-2021.10.win32_1.0.200.202301161003/tools/bin/../lib/gcc/arm-none-eabi/10.3.1/../../../../arm-none-eabi/lib/thumb/v7-m/nofp\libc_nano.a(lib_a-exit.o) (_global_impure_ptr)
c:/st/stm32cubeide_1.12.1/stm32cubeide/plugins/com.st.stm32cube.ide.mcu.externaltools.gnu-tools-for-stm32.10.3-2021.10.win32_1.0.200.202301161003/tools/bin/../lib/gcc/arm-none-eabi/10.3.1/../../../../arm-none-eabi/lib/thumb/v7-m/nofp\libc_nano.a(lib_a-init.o)
                              c:/st/stm32cubeide_1.12.1/stm32cubeide/plugins/com.st.stm32cube.ide.mcu.externaltools.gnu-tools-for-stm32.10.3-2021.10.win32_1.0.200.202301161003/tools/bin/../lib/gcc/arm-none-eabi/10.3.1/../../../../arm-none-eabi/lib/thumb/v7-m/nofp/crt0.o (__libc_init_array)
c:/st/stm32cubeide_1.12.1/stm32cubeide/plugins/com.st.stm32cube.ide.mcu.externaltools.gnu-tools-for-stm32.10.3-2021.10.win32_1.0.200.202301161003/tools/bin/../lib/gcc/arm-none-eabi/10.3.1/../../../../arm-none-eabi/lib/thumb/v7-m/nofp\libc_nano.a(lib_a-lock.o)
                              c:/st/stm32cubeide_1.12.1/stm32cubeide/plugins/com.st.stm32cube.ide.mcu.externaltools.gnu-tools-for-stm32.10.3-2021.10.win32_1.0.200.202301161003/tools/bin/../lib/gcc/arm-none-eabi/10.3.1/../../../../arm-none-eabi/lib/thumb/v7-m/nofp\libc_nano.a(lib_a-findfp.o) (__retarget_lock_init_recursive)
c:/st/stm32cubeide_1.12.1/stm32cubeide/plugins/com.st.stm32cube.ide.mcu.externaltools.gnu-tools-for-stm32.10.3-2021.10.win32_1.0.200.202301161003/tools/bin/../lib/gcc/arm-none-eabi/10.3.1/../../../../arm-none-eabi/lib/thumb/v7-m/nofp\libc_nano.a(lib_a-memcpy-stub.o)
                              ./Middlewares/Third_Party/FreeRTOS/Source/queue.o (memcpy)
c:/st/stm32cubeide_1.12.1/stm32cubeide/plugins/com.st.stm32cube.ide.mcu.externaltools.gnu-tools-for-stm32.10.3-2021.10.win32_1.0.200.202301161003/tools/bin/../lib/gcc/arm-none-eabi/10.3.1/../../../../arm-none-eabi/lib/thumb/v7-m/nofp\libc_nano.a(lib_a-memset.o)
                              c:/st/stm32cubeide_1.12.1/stm32cubeide/plugins/com.st.stm32cube.ide.mcu.externaltools.gnu-tools-for-stm32.10.3-2021.10.win32_1.0.200.202301161003/tools/bin/../lib/gcc/arm-none-eabi/10.3.1/../../../../arm-none-eabi/lib/thumb/v7-m/nofp/crt0.o (memset)
c:/st/stm32cubeide_1.12.1/stm32cubeide/plugins/com.st.stm32cube.ide.mcu.externaltools.gnu-tools-for-stm32.10.3-2021.10.win32_1.0.200.202301161003/tools/bin/../lib/gcc/arm-none-eabi/10.3.1/../../../../arm-none-eabi/lib/thumb/v7-m/nofp\libc_nano.a(lib_a-nano-mallocr.o)
[...]
Memory Configuration

Name             Origin             Length             Attributes
RAM              0x0000000020000000 0x0000000000014000 xrw
FLASH            0x0000000008000000 0x0000000000080000 xr
*default*        0x0000000000000000 0xffffffffffffffff

Linker script and memory map

LOAD c:/st/stm32cubeide_1.12.1/stm32cubeide/plugins/com.st.stm32cube.ide.mcu.externaltools.gnu-tools-for-stm32.10.3-2021.10.win32_1.0.200.202301161003/tools/bin/../lib/gcc/arm-none-eabi/10.3.1/thumb/v7-m/nofp/crti.o
LOAD c:/st/stm32cubeide_1.12.1/stm32cubeide/plugins/com.st.stm32cube.ide.mcu.externaltools.gnu-tools-for-stm32.10.3-2021.10.win32_1.0.200.202301161003/tools/bin/../lib/gcc/arm-none-eabi/10.3.1/thumb/v7-m/nofp/crtbegin.o
LOAD c:/st/stm32cubeide_1.12.1/stm32cubeide/plugins/com.st.stm32cube.ide.mcu.externaltools.gnu-tools-for-stm32.10.3-2021.10.win32_1.0.200.202301161003/tools/bin/../lib/gcc/arm-none-eabi/10.3.1/../../../../arm-none-eabi/lib/thumb/v7-m/nofp/crt0.o
LOAD ./Core/Src/freertos.o
LOAD ./Core/Src/main.o
LOAD ./Core/Src/stm32l1xx_hal_msp.o
LOAD ./Core/Src/stm32l1xx_hal_timebase_tim.o
LOAD ./Core/Src/stm32l1xx_it.o
LOAD ./Core/Src/syscalls.o
LOAD ./Core/Src/sysmem.o
LOAD ./Core/Src/system_stm32l1xx.o
LOAD ./Core/Startup/startup_stm32l152retx.o
LOAD ./Drivers/STM32L1xx_HAL_Driver/Src/stm32l1xx_hal.o
LOAD ./Drivers/STM32L1xx_HAL_Driver/Src/stm32l1xx_hal_cortex.o
LOAD ./Drivers/STM32L1xx_HAL_Driver/Src/stm32l1xx_hal_dma.o
LOAD ./Drivers/STM32L1xx_HAL_Driver/Src/stm32l1xx_hal_exti.o
LOAD ./Drivers/STM32L1xx_HAL_Driver/Src/stm32l1xx_hal_flash.o
LOAD ./Drivers/STM32L1xx_HAL_Driver/Src/stm32l1xx_hal_flash_ex.o
LOAD ./Drivers/STM32L1xx_HAL_Driver/Src/stm32l1xx_hal_flash_ramfunc.o
LOAD ./Drivers/STM32L1xx_HAL_Driver/Src/stm32l1xx_hal_gpio.o
LOAD ./Drivers/STM32L1xx_HAL_Driver/Src/stm32l1xx_hal_pwr.o
LOAD ./Drivers/STM32L1xx_HAL_Driver/Src/stm32l1xx_hal_pwr_ex.o
LOAD ./Drivers/STM32L1xx_HAL_Driver/Src/stm32l1xx_hal_rcc.o
LOAD ./Drivers/STM32L1xx_HAL_Driver/Src/stm32l1xx_hal_rcc_ex.o
LOAD ./Drivers/STM32L1xx_HAL_Driver/Src/stm32l1xx_hal_tim.o
LOAD ./Drivers/STM32L1xx_HAL_Driver/Src/stm32l1xx_hal_tim_ex.o
LOAD ./Drivers/STM32L1xx_HAL_Driver/Src/stm32l1xx_hal_uart.o
LOAD ./Middlewares/Third_Party/FreeRTOS/Source/CMSIS_RTOS/cmsis_os.o
LOAD ./Middlewares/Third_Party/FreeRTOS/Source/croutine.o
LOAD ./Middlewares/Third_Party/FreeRTOS/Source/event_groups.o
LOAD ./Middlewares/Third_Party/FreeRTOS/Source/list.o
LOAD ./Middlewares/Third_Party/FreeRTOS/Source/queue.o
LOAD ./Middlewares/Third_Party/FreeRTOS/Source/stream_buffer.o
LOAD ./Middlewares/Third_Party/FreeRTOS/Source/tasks.o
LOAD ./Middlewares/Third_Party/FreeRTOS/Source/timers.o
LOAD ./Middlewares/Third_Party/FreeRTOS/Source/portable/GCC/ARM_CM3/port.o
LOAD ./Middlewares/Third_Party/FreeRTOS/Source/portable/MemMang/heap_4.o
START GROUP
LOAD c:/st/stm32cubeide_1.12.1/stm32cubeide/plugins/com.st.stm32cube.ide.mcu.externaltools.gnu-tools-for-stm32.10.3-2021.10.win32_1.0.200.202301161003/tools/bin/../lib/gcc/arm-none-eabi/10.3.1/../../../../arm-none-eabi/lib/thumb/v7-m/nofp\libstdc++_nano.a
LOAD c:/st/stm32cubeide_1.12.1/stm32cubeide/plugins/com.st.stm32cube.ide.mcu.externaltools.gnu-tools-for-stm32.10.3-2021.10.win32_1.0.200.202301161003/tools/bin/../lib/gcc/arm-none-eabi/10.3.1/../../../../arm-none-eabi/lib/thumb/v7-m/nofp\libsupc++_nano.a
END GROUP
LOAD c:/st/stm32cubeide_1.12.1/stm32cubeide/plugins/com.st.stm32cube.ide.mcu.externaltools.gnu-tools-for-stm32.10.3-2021.10.win32_1.0.200.202301161003/tools/bin/../lib/gcc/arm-none-eabi/10.3.1/../../../../arm-none-eabi/lib/thumb/v7-m/nofp\libstdc++_nano.a
LOAD c:/st/stm32cubeide_1.12.1/stm32cubeide/plugins/com.st.stm32cube.ide.mcu.externaltools.gnu-tools-for-stm32.10.3-2021.10.win32_1.0.200.202301161003/tools/bin/../lib/gcc/arm-none-eabi/10.3.1/../../../../arm-none-eabi/lib/thumb/v7-m/nofp\libm.a
LOAD c:/st/stm32cubeide_1.12.1/stm32cubeide/plugins/com.st.stm32cube.ide.mcu.externaltools.gnu-tools-for-stm32.10.3-2021.10.win32_1.0.200.202301161003/tools/bin/../lib/gcc/arm-none-eabi/10.3.1/../../../../arm-none-eabi/lib/thumb/v7-m/nofp\libc_nano.a
START GROUP
LOAD c:/st/stm32cubeide_1.12.1/stm32cubeide/plugins/com.st.stm32cube.ide.mcu.externaltools.gnu-tools-for-stm32.10.3-2021.10.win32_1.0.200.202301161003/tools/bin/../lib/gcc/arm-none-eabi/10.3.1/thumb/v7-m/nofp\libgcc.a
LOAD c:/st/stm32cubeide_1.12.1/stm32cubeide/plugins/com.st.stm32cube.ide.mcu.externaltools.gnu-tools-for-stm32.10.3-2021.10.win32_1.0.200.202301161003/tools/bin/../lib/gcc/arm-none-eabi/10.3.1/../../../../arm-none-eabi/lib/thumb/v7-m/nofp\libc_nano.a
END GROUP
START GROUP
LOAD c:/st/stm32cubeide_1.12.1/stm32cubeide/plugins/com.st.stm32cube.ide.mcu.externaltools.gnu-tools-for-stm32.10.3-2021.10.win32_1.0.200.202301161003/tools/bin/../lib/gcc/arm-none-eabi/10.3.1/thumb/v7-m/nofp\libgcc.a
LOAD c:/st/stm32cubeide_1.12.1/stm32cubeide/plugins/com.st.stm32cube.ide.mcu.externaltools.gnu-tools-for-stm32.10.3-2021.10.win32_1.0.200.202301161003/tools/bin/../lib/gcc/arm-none-eabi/10.3.1/../../../../arm-none-eabi/lib/thumb/v7-m/nofp\libc_nano.a
LOAD c:/st/stm32cubeide_1.12.1/stm32cubeide/plugins/com.st.stm32cube.ide.mcu.externaltools.gnu-tools-for-stm32.10.3-2021.10.win32_1.0.200.202301161003/tools/bin/../lib/gcc/arm-none-eabi/10.3.1/../../../../arm-none-eabi/lib/thumb/v7-m/nofp\libnosys.a
END GROUP
START GROUP
LOAD c:/st/stm32cubeide_1.12.1/stm32cubeide/plugins/com.st.stm32cube.ide.mcu.externaltools.gnu-tools-for-stm32.10.3-2021.10.win32_1.0.200.202301161003/tools/bin/../lib/gcc/arm-none-eabi/10.3.1/thumb/v7-m/nofp\libgcc.a
LOAD c:/st/stm32cubeide_1.12.1/stm32cubeide/plugins/com.st.stm32cube.ide.mcu.externaltools.gnu-tools-for-stm32.10.3-2021.10.win32_1.0.200.202301161003/tools/bin/../lib/gcc/arm-none-eabi/10.3.1/../../../../arm-none-eabi/lib/thumb/v7-m/nofp\libc_nano.a
LOAD c:/st/stm32cubeide_1.12.1/stm32cubeide/plugins/com.st.stm32cube.ide.mcu.externaltools.gnu-tools-for-stm32.10.3-2021.10.win32_1.0.200.202301161003/tools/bin/../lib/gcc/arm-none-eabi/10.3.1/../../../../arm-none-eabi/lib/thumb/v7-m/nofp\libnosys.a
END GROUP
LOAD c:/st/stm32cubeide_1.12.1/stm32cubeide/plugins/com.st.stm32cube.ide.mcu.externaltools.gnu-tools-for-stm32.10.3-2021.10.win32_1.0.200.202301161003/tools/bin/../lib/gcc/arm-none-eabi/10.3.1/thumb/v7-m/nofp/crtend.o
LOAD c:/st/stm32cubeide_1.12.1/stm32cubeide/plugins/com.st.stm32cube.ide.mcu.externaltools.gnu-tools-for-stm32.10.3-2021.10.win32_1.0.200.202301161003/tools/bin/../lib/gcc/arm-none-eabi/10.3.1/thumb/v7-m/nofp/crtn.o
                0x0000000020014000                _estack = (ORIGIN (RAM) + LENGTH (RAM))
                0x0000000000000200                _Min_Heap_Size = 0x200
                0x0000000000000400                _Min_Stack_Size = 0x400

.isr_vector     0x0000000008000000      0x13c
                0x0000000008000000                . = ALIGN (0x4)
 *(.isr_vector)
 .isr_vector    0x0000000008000000      0x13c ./Core/Startup/startup_stm32l152retx.o
                0x0000000008000000                g_pfnVectors
                0x000000000800013c                . = ALIGN (0x4)

.text           0x0000000008000140     0x3670
                0x0000000008000140                . = ALIGN (0x4)
 *(.text)
 .text          0x0000000008000140       0x40 c:/st/stm32cubeide_1.12.1/stm32cubeide/plugins/com.st.stm32cube.ide.mcu.externaltools.gnu-tools-for-stm32.10.3-2021.10.win32_1.0.200.202301161003/tools/bin/../lib/gcc/arm-none-eabi/10.3.1/thumb/v7-m/nofp/crtbegin.o
 .text          0x0000000008000180       0x30 c:/st/stm32cubeide_1.12.1/stm32cubeide/plugins/com.st.stm32cube.ide.mcu.externaltools.gnu-tools-for-stm32.10.3-2021.10.win32_1.0.200.202301161003/tools/bin/../lib/gcc/arm-none-eabi/10.3.1/thumb/v7-m/nofp\libgcc.a(_aeabi_uldivmod.o)
                0x0000000008000180                __aeabi_uldivmod
 .text          0x00000000080001b0      0x2d4 c:/st/stm32cubeide_1.12.1/stm32cubeide/plugins/com.st.stm32cube.ide.mcu.externaltools.gnu-tools-for-stm32.10.3-2021.10.win32_1.0.200.202301161003/tools/bin/../lib/gcc/arm-none-eabi/10.3.1/thumb/v7-m/nofp\libgcc.a(_udivmoddi4.o)
                0x00000000080001b0                __udivmoddi4
 .text          0x0000000008000484        0x4 c:/st/stm32cubeide_1.12.1/stm32cubeide/plugins/com.st.stm32cube.ide.mcu.externaltools.gnu-tools-for-stm32.10.3-2021.10.win32_1.0.200.202301161003/tools/bin/../lib/gcc/arm-none-eabi/10.3.1/thumb/v7-m/nofp\libgcc.a(_dvmd_tls.o)
                0x0000000008000484                __aeabi_idiv0
                0x0000000008000484                __aeabi_ldiv0
 *(.text*)
 .text.vApplicationGetIdleTaskMemory
                0x0000000008000488       0x30 ./Core/Src/freertos.o
                0x0000000008000488                vApplicationGetIdleTaskMemory
 .text.main     0x00000000080004b8       0x48 ./Core/Src/main.o
                0x00000000080004b8                main
 .text.SystemClock_Config
                0x0000000008000500       0x9c ./Core/Src/main.o
                0x0000000008000500                SystemClock_Config
 .text.MX_USART2_UART_Init
                0x000000000800059c       0x54 ./Core/Src/main.o
 .text.MX_GPIO_Init
                0x00000000080005f0       0xcc ./Core/Src/main.o
 .text.StartDefaultTask
                0x00000000080006bc       0x10 ./Core/Src/main.o
                0x00000000080006bc                StartDefaultTask
 .text.HAL_TIM_PeriodElapsedCallback
                0x00000000080006cc       0x1e ./Core/Src/main.o
                0x00000000080006cc                HAL_TIM_PeriodElapsedCallback
 .text.Error_Handler
                0x00000000080006ea        0xa ./Core/Src/main.o
                0x00000000080006ea                Error_Handler
 .text.HAL_MspInit
                0x00000000080006f4       0x68 ./Core/Src/stm32l1xx_hal_msp.o
                0x00000000080006f4                HAL_MspInit
 .text.HAL_UART_MspInit
                0x000000000800075c       0x88 ./Core/Src/stm32l1xx_hal_msp.o
                0x000000000800075c                HAL_UART_MspInit
 .text.HAL_InitTick
                0x00000000080007e4       0xf4 ./Core/Src/stm32l1xx_hal_timebase_tim.o
                0x00000000080007e4                HAL_InitTick
 .text.NMI_Handler
                0x00000000080008d8        0x6 ./Core/Src/stm32l1xx_it.o
                0x00000000080008d8                NMI_Handler
 .text.HardFault_Handler
                0x00000000080008de        0x6 ./Core/Src/stm32l1xx_it.o
                0x00000000080008de                HardFault_Handler
 .text.MemManage_Handler
                0x00000000080008e4        0x6 ./Core/Src/stm32l1xx_it.o
                0x00000000080008e4                MemManage_Handler
 .text.BusFault_Handler
                0x00000000080008ea        0x6 ./Core/Src/stm32l1xx_it.o
                0x00000000080008ea                BusFault_Handler
 .text.UsageFault_Handler
                0x00000000080008f0        0x6 ./Core/Src/stm32l1xx_it.o
                0x00000000080008f0                UsageFault_Handler
 .text.DebugMon_Handler
                0x00000000080008f6        0xc ./Core/Src/stm32l1xx_it.o
                0x00000000080008f6                DebugMon_Handler
 *fill*         0x0000000008000902        0x2 
 .text.TIM2_IRQHandler
                0x0000000008000904       0x14 ./Core/Src/stm32l1xx_it.o
                0x0000000008000904                TIM2_IRQHandler
 .text.SystemInit
                0x0000000008000918        0xc ./Core/Src/system_stm32l1xx.o
                0x0000000008000918                SystemInit
 .text.Reset_Handler
                0x0000000008000924       0x48 ./Core/Startup/startup_stm32l152retx.o
                0x0000000008000924                Reset_Handler
 .text.Default_Handler
                0x000000000800096c        0x2 ./Core/Startup/startup_stm32l152retx.o
                0x000000000800096c                RTC_Alarm_IRQHandler
                0x000000000800096c                EXTI2_IRQHandler
                0x000000000800096c                COMP_ACQ_IRQHandler
                0x000000000800096c                TIM10_IRQHandler
                0x000000000800096c                USB_HP_IRQHandler
                0x000000000800096c                TIM6_IRQHandler
                0x000000000800096c                PVD_IRQHandler
                0x000000000800096c                EXTI3_IRQHandler
                0x000000000800096c                EXTI0_IRQHandler
                0x000000000800096c                I2C2_EV_IRQHandler
                0x000000000800096c                SPI1_IRQHandler
                0x000000000800096c                USB_FS_WKUP_IRQHandler
                0x000000000800096c                DMA2_Channel2_IRQHandler
                0x000000000800096c                DMA1_Channel4_IRQHandler
                0x000000000800096c                ADC1_IRQHandler
                0x000000000800096c                USART3_IRQHandler
                0x000000000800096c                DMA1_Channel7_IRQHandler
                0x000000000800096c                LCD_IRQHandler
                0x000000000800096c                UART5_IRQHandler
                0x000000000800096c                TIM4_IRQHandler
                0x000000000800096c                DMA2_Channel1_IRQHandler
                0x000000000800096c                I2C1_EV_IRQHandler
                0x000000000800096c                DMA1_Channel6_IRQHandler
                0x000000000800096c                UART4_IRQHandler
                0x000000000800096c                DMA2_Channel4_IRQHandler
                0x000000000800096c                TIM3_IRQHandler
                0x000000000800096c                RCC_IRQHandler
                0x000000000800096c                DMA1_Channel1_IRQHandler
                0x000000000800096c                Default_Handler
                0x000000000800096c                EXTI15_10_IRQHandler
                0x000000000800096c                TIM7_IRQHandler
                0x000000000800096c                TIM5_IRQHandler
                0x000000000800096c                EXTI9_5_IRQHandler
                0x000000000800096c                TIM9_IRQHandler
                0x000000000800096c                TAMPER_STAMP_IRQHandler
                0x000000000800096c                RTC_WKUP_IRQHandler
                0x000000000800096c                SPI2_IRQHandler
                0x000000000800096c                DMA2_Channel5_IRQHandler
                0x000000000800096c                DMA1_Channel5_IRQHandler
                0x000000000800096c                USB_LP_IRQHandler
                0x000000000800096c                EXTI4_IRQHandler
                0x000000000800096c                DMA1_Channel3_IRQHandler
                0x000000000800096c                COMP_IRQHandler
                0x000000000800096c                WWDG_IRQHandler
                0x000000000800096c                DAC_IRQHandler
                0x000000000800096c                EXTI1_IRQHandler
                0x000000000800096c                TIM11_IRQHandler
                0x000000000800096c                USART2_IRQHandler
                0x000000000800096c                I2C2_ER_IRQHandler
                0x000000000800096c                DMA1_Channel2_IRQHandler
                0x000000000800096c                FLASH_IRQHandler
                0x000000000800096c                USART1_IRQHandler
                0x000000000800096c                SPI3_IRQHandler
                0x000000000800096c                I2C1_ER_IRQHandler
                0x000000000800096c                DMA2_Channel3_IRQHandler
 .text.HAL_Init
                0x000000000800096e       0x30 ./Drivers/STM32L1xx_HAL_Driver/Src/stm32l1xx_hal.o
                0x000000000800096e                HAL_Init
 *fill*         0x000000000800099e        0x2 
 .text.HAL_IncTick
                0x00000000080009a0       0x24 ./Drivers/STM32L1xx_HAL_Driver/Src/stm32l1xx_hal.o
                0x00000000080009a0                HAL_IncTick
 .text.HAL_GetTick
                0x00000000080009c4       0x14 ./Drivers/STM32L1xx_HAL_Driver/Src/stm32l1xx_hal.o
                0x00000000080009c4                HAL_GetTick
 .text.__NVIC_SetPriorityGrouping
                0x00000000080009d8       0x48 ./Drivers/STM32L1xx_HAL_Driver/Src/stm32l1xx_hal_cortex.o
 .text.__NVIC_GetPriorityGrouping
                0x0000000008000a20       0x1c ./Drivers/STM32L1xx_HAL_Driver/Src/stm32l1xx_hal_cortex.o
 .text.__NVIC_EnableIRQ
                0x0000000008000a3c       0x38 ./Drivers/STM32L1xx_HAL_Driver/Src/stm32l1xx_hal_cortex.o
 .text.__NVIC_SetPriority
                0x0000000008000a74       0x54 ./Drivers/STM32L1xx_HAL_Driver/Src/stm32l1xx_hal_cortex.o
 .text.NVIC_EncodePriority
                0x0000000008000ac8       0x64 ./Drivers/STM32L1xx_HAL_Driver/Src/stm32l1xx_hal_cortex.o
 .text.HAL_NVIC_SetPriorityGrouping
                0x0000000008000b2c       0x16 ./Drivers/STM32L1xx_HAL_Driver/Src/stm32l1xx_hal_cortex.o
                0x0000000008000b2c                HAL_NVIC_SetPriorityGrouping
 .text.HAL_NVIC_SetPriority
                0x0000000008000b42       0x38 ./Drivers/STM32L1xx_HAL_Driver/Src/stm32l1xx_hal_cortex.o
                0x0000000008000b42                HAL_NVIC_SetPriority
 .text.HAL_NVIC_EnableIRQ
                0x0000000008000b7a       0x1c ./Drivers/STM32L1xx_HAL_Driver/Src/stm32l1xx_hal_cortex.o
                0x0000000008000b7a                HAL_NVIC_EnableIRQ
 *fill*         0x0000000008000b96        0x2 
 .text.HAL_GPIO_Init
                0x0000000008000b98      0x320 ./Drivers/STM32L1xx_HAL_Driver/Src/stm32l1xx_hal_gpio.o
                0x0000000008000b98                HAL_GPIO_Init
 .text.HAL_GPIO_WritePin
                0x0000000008000eb8       0x30 ./Drivers/STM32L1xx_HAL_Driver/Src/stm32l1xx_hal_gpio.o
                0x0000000008000eb8                HAL_GPIO_WritePin
 .text.HAL_RCC_OscConfig
                0x0000000008000ee8      0x660 ./Drivers/STM32L1xx_HAL_Driver/Src/stm32l1xx_hal_rcc.o
                0x0000000008000ee8                HAL_RCC_OscConfig
 .text.HAL_RCC_ClockConfig
                0x0000000008001548      0x268 ./Drivers/STM32L1xx_HAL_Driver/Src/stm32l1xx_hal_rcc.o
                0x0000000008001548                HAL_RCC_ClockConfig
 .text.HAL_RCC_GetSysClockFreq
                0x00000000080017b0      0x200 ./Drivers/STM32L1xx_HAL_Driver/Src/stm32l1xx_hal_rcc.o
                0x00000000080017b0                HAL_RCC_GetSysClockFreq
 .text.HAL_RCC_GetHCLKFreq
                0x00000000080019b0       0x14 ./Drivers/STM32L1xx_HAL_Driver/Src/stm32l1xx_hal_rcc.o
                0x00000000080019b0                HAL_RCC_GetHCLKFreq
 .text.HAL_RCC_GetPCLK1Freq
                0x00000000080019c4       0x28 ./Drivers/STM32L1xx_HAL_Driver/Src/stm32l1xx_hal_rcc.o
                0x00000000080019c4                HAL_RCC_GetPCLK1Freq
 .text.HAL_RCC_GetPCLK2Freq
                0x00000000080019ec       0x28 ./Drivers/STM32L1xx_HAL_Driver/Src/stm32l1xx_hal_rcc.o
                0x00000000080019ec                HAL_RCC_GetPCLK2Freq
 .text.HAL_RCC_GetClockConfig
                0x0000000008001a14       0x60 ./Drivers/STM32L1xx_HAL_Driver/Src/stm32l1xx_hal_rcc.o
                0x0000000008001a14                HAL_RCC_GetClockConfig
 .text.RCC_SetFlashLatencyFromMSIRange
                0x0000000008001a74       0xc0 ./Drivers/STM32L1xx_HAL_Driver/Src/stm32l1xx_hal_rcc.o
 .text.HAL_TIM_Base_Init
                0x0000000008001b34       0x7e ./Drivers/STM32L1xx_HAL_Driver/Src/stm32l1xx_hal_tim.o
                0x0000000008001b34                HAL_TIM_Base_Init
 .text.HAL_TIM_Base_MspInit
                0x0000000008001bb2       0x12 ./Drivers/STM32L1xx_HAL_Driver/Src/stm32l1xx_hal_tim.o
                0x0000000008001bb2                HAL_TIM_Base_MspInit
 .text.HAL_TIM_Base_Start_IT
                0x0000000008001bc4       0xa4 ./Drivers/STM32L1xx_HAL_Driver/Src/stm32l1xx_hal_tim.o
                0x0000000008001bc4                HAL_TIM_Base_Start_IT
 .text.HAL_TIM_IRQHandler
                0x0000000008001c68      0x1b8 ./Drivers/STM32L1xx_HAL_Driver/Src/stm32l1xx_hal_tim.o
                0x0000000008001c68                HAL_TIM_IRQHandler
 .text.HAL_TIM_OC_DelayElapsedCallback
                0x0000000008001e20       0x12 ./Drivers/STM32L1xx_HAL_Driver/Src/stm32l1xx_hal_tim.o
                0x0000000008001e20                HAL_TIM_OC_DelayElapsedCallback
 .text.HAL_TIM_IC_CaptureCallback
                0x0000000008001e32       0x12 ./Drivers/STM32L1xx_HAL_Driver/Src/stm32l1xx_hal_tim.o
                0x0000000008001e32                HAL_TIM_IC_CaptureCallback
 .text.HAL_TIM_PWM_PulseFinishedCallback
                0x0000000008001e44       0x12 ./Drivers/STM32L1xx_HAL_Driver/Src/stm32l1xx_hal_tim.o
                0x0000000008001e44                HAL_TIM_PWM_PulseFinishedCallback
 .text.HAL_TIM_TriggerCallback
                0x0000000008001e56       0x12 ./Drivers/STM32L1xx_HAL_Driver/Src/stm32l1xx_hal_tim.o
                0x0000000008001e56                HAL_TIM_TriggerCallback
 .text.TIM_Base_SetConfig
                0x0000000008001e68       0xe0 ./Drivers/STM32L1xx_HAL_Driver/Src/stm32l1xx_hal_tim.o
 .text.HAL_UART_Init
                0x0000000008001f48       0xa0 ./Drivers/STM32L1xx_HAL_Driver/Src/stm32l1xx_hal_uart.o
                0x0000000008001f48                HAL_UART_Init
 .text.UART_SetConfig
                0x0000000008001fe8      0x1c8 ./Drivers/STM32L1xx_HAL_Driver/Src/stm32l1xx_hal_uart.o
 .text.makeFreeRtosPriority
                0x00000000080021b0       0x2e ./Middlewares/Third_Party/FreeRTOS/Source/CMSIS_RTOS/cmsis_os.o
 .text.osKernelStart
                0x00000000080021de        0xe ./Middlewares/Third_Party/FreeRTOS/Source/CMSIS_RTOS/cmsis_os.o
                0x00000000080021de                osKernelStart
 .text.osThreadCreate
                0x00000000080021ec       0x98 ./Middlewares/Third_Party/FreeRTOS/Source/CMSIS_RTOS/cmsis_os.o
                0x00000000080021ec                osThreadCreate
 .text.osDelay  0x0000000008002284       0x28 ./Middlewares/Third_Party/FreeRTOS/Source/CMSIS_RTOS/cmsis_os.o
                0x0000000008002284                osDelay
 .text.vListInitialise
                0x00000000080022ac       0x3e ./Middlewares/Third_Party/FreeRTOS/Source/list.o
                0x00000000080022ac                vListInitialise
 .text.vListInitialiseItem
                0x00000000080022ea       0x18 ./Middlewares/Third_Party/FreeRTOS/Source/list.o
                0x00000000080022ea                vListInitialiseItem
 .text.vListInsertEnd
                0x0000000008002302       0x46 ./Middlewares/Third_Party/FreeRTOS/Source/list.o
                0x0000000008002302                vListInsertEnd
 .text.vListInsert
                0x0000000008002348       0x70 ./Middlewares/Third_Party/FreeRTOS/Source/list.o
                0x0000000008002348                vListInsert
 .text.uxListRemove
                0x00000000080023b8       0x52 ./Middlewares/Third_Party/FreeRTOS/Source/list.o
                0x00000000080023b8                uxListRemove
 .text.xTaskCreateStatic
                0x000000000800240a       0xb8 ./Middlewares/Third_Party/FreeRTOS/Source/tasks.o
                0x000000000800240a                xTaskCreateStatic
 .text.xTaskCreate
                0x00000000080024c2       0x8a ./Middlewares/Third_Party/FreeRTOS/Source/tasks.o
                0x00000000080024c2                xTaskCreate
 .text.prvInitialiseNewTask
                0x000000000800254c      0x12c ./Middlewares/Third_Party/FreeRTOS/Source/tasks.o
 .text.prvAddNewTaskToReadyList
                0x0000000008002678       0xd4 ./Middlewares/Third_Party/FreeRTOS/Source/tasks.o
 .text.vTaskDelay
                0x000000000800274c       0x68 ./Middlewares/Third_Party/FreeRTOS/Source/tasks.o
                0x000000000800274c                vTaskDelay
 .text.vTaskStartScheduler
                0x00000000080027b4       0xd4 ./Middlewares/Third_Party/FreeRTOS/Source/tasks.o
                0x00000000080027b4                vTaskStartScheduler
 .text.vTaskSuspendAll
                0x0000000008002888       0x1c ./Middlewares/Third_Party/FreeRTOS/Source/tasks.o
                0x0000000008002888                vTaskSuspendAll
 .text.xTaskResumeAll
                0x00000000080028a4      0x138 ./Middlewares/Third_Party/FreeRTOS/Source/tasks.o
                0x00000000080028a4                xTaskResumeAll
 .text.xTaskIncrementTick
                0x00000000080029dc      0x17c ./Middlewares/Third_Party/FreeRTOS/Source/tasks.o
                0x00000000080029dc                xTaskIncrementTick
 .text.vTaskSwitchContext
                0x0000000008002b58       0xc4 ./Middlewares/Third_Party/FreeRTOS/Source/tasks.o
                0x0000000008002b58                vTaskSwitchContext
 .text.prvIdleTask
                0x0000000008002c1c       0x30 ./Middlewares/Third_Party/FreeRTOS/Source/tasks.o
 .text.prvInitialiseTaskLists
                0x0000000008002c4c       0x80 ./Middlewares/Third_Party/FreeRTOS/Source/tasks.o
 .text.prvCheckTasksWaitingTermination
                0x0000000008002ccc       0x5c ./Middlewares/Third_Party/FreeRTOS/Source/tasks.o
 .text.prvDeleteTCB
                0x0000000008002d28       0x68 ./Middlewares/Third_Party/FreeRTOS/Source/tasks.o
 .text.prvResetNextTaskUnblockTime
                0x0000000008002d90       0x48 ./Middlewares/Third_Party/FreeRTOS/Source/tasks.o
 .text.prvAddCurrentTaskToDelayedList
                0x0000000008002dd8       0xcc ./Middlewares/Third_Party/FreeRTOS/Source/tasks.o
 .text.pxPortInitialiseStack
                0x0000000008002ea4       0x58 ./Middlewares/Third_Party/FreeRTOS/Source/portable/GCC/ARM_CM3/port.o
                0x0000000008002ea4                pxPortInitialiseStack
 .text.prvTaskExitError
                0x0000000008002efc       0x58 ./Middlewares/Third_Party/FreeRTOS/Source/portable/GCC/ARM_CM3/port.o
 *fill*         0x0000000008002f54        0xc 
 .text.SVC_Handler
                0x0000000008002f60       0x28 ./Middlewares/Third_Party/FreeRTOS/Source/portable/GCC/ARM_CM3/port.o
                0x0000000008002f60                SVC_Handler
 .text.prvPortStartFirstTask
                0x0000000008002f88       0x20 ./Middlewares/Third_Party/FreeRTOS/Source/portable/GCC/ARM_CM3/port.o
 .text.xPortStartScheduler
                0x0000000008002fa8       0xe4 ./Middlewares/Third_Party/FreeRTOS/Source/portable/GCC/ARM_CM3/port.o
                0x0000000008002fa8                xPortStartScheduler
 .text.vPortEnterCritical
                0x000000000800308c       0x60 ./Middlewares/Third_Party/FreeRTOS/Source/portable/GCC/ARM_CM3/port.o
                0x000000000800308c                vPortEnterCritical
 .text.vPortExitCritical
                0x00000000080030ec       0x50 ./Middlewares/Third_Party/FreeRTOS/Source/portable/GCC/ARM_CM3/port.o
                0x00000000080030ec                vPortExitCritical
 *fill*         0x000000000800313c        0x4 
 .text.PendSV_Handler
                0x0000000008003140       0x48 ./Middlewares/Third_Party/FreeRTOS/Source/portable/GCC/ARM_CM3/port.o
                0x0000000008003140                PendSV_Handler
 .text.SysTick_Handler
                0x0000000008003188       0x44 ./Middlewares/Third_Party/FreeRTOS/Source/portable/GCC/ARM_CM3/port.o
                0x0000000008003188                SysTick_Handler
 .text.vPortSetupTimerInterrupt
                0x00000000080031cc       0x44 ./Middlewares/Third_Party/FreeRTOS/Source/portable/GCC/ARM_CM3/port.o
                0x00000000080031cc                vPortSetupTimerInterrupt
 .text.pvPortMalloc
                0x0000000008003210      0x188 ./Middlewares/Third_Party/FreeRTOS/Source/portable/MemMang/heap_4.o
                0x0000000008003210                pvPortMalloc
 .text.vPortFree
                0x0000000008003398       0xb4 ./Middlewares/Third_Party/FreeRTOS/Source/portable/MemMang/heap_4.o
                0x0000000008003398                vPortFree
 .text.prvHeapInit
                0x000000000800344c       0xc4 ./Middlewares/Third_Party/FreeRTOS/Source/portable/MemMang/heap_4.o
 .text.prvInsertBlockIntoFreeList
                0x0000000008003510       0xb0 ./Middlewares/Third_Party/FreeRTOS/Source/portable/MemMang/heap_4.o
 .text.__libc_init_array
                0x00000000080035c0       0x48 c:/st/stm32cubeide_1.12.1/stm32cubeide/plugins/com.st.stm32cube.ide.mcu.externaltools.gnu-tools-for-stm32.10.3-2021.10.win32_1.0.200.202301161003/tools/bin/../lib/gcc/arm-none-eabi/10.3.1/../../../../arm-none-eabi/lib/thumb/v7-m/nofp\libc_nano.a(lib_a-init.o)
                0x00000000080035c0                __libc_init_array
 .text.__retarget_lock_acquire_recursive
                0x0000000008003608        0x2 c:/st/stm32cubeide_1.12.1/stm32cubeide/plugins/com.st.stm32cube.ide.mcu.externaltools.gnu-tools-for-stm32.10.3-2021.10.win32_1.0.200.202301161003/tools/bin/../lib/gcc/arm-none-eabi/10.3.1/../../../../arm-none-eabi/lib/thumb/v7-m/nofp\libc_nano.a(lib_a-lock.o)
                0x0000000008003608                __retarget_lock_acquire_recursive
 .text.__retarget_lock_release_recursive
                0x000000000800360a        0x2 c:/st/stm32cubeide_1.12.1/stm32cubeide/plugins/com.st.stm32cube.ide.mcu.externaltools.gnu-tools-for-stm32.10.3-2021.10.win32_1.0.200.202301161003/tools/bin/../lib/gcc/arm-none-eabi/10.3.1/../../../../arm-none-eabi/lib/thumb/v7-m/nofp\libc_nano.a(lib_a-lock.o)
                0x000000000800360a                __retarget_lock_release_recursive
 .text.memset   0x000000000800360c       0x10 c:/st/stm32cubeide_1.12.1/stm32cubeide/plugins/com.st.stm32cube.ide.mcu.externaltools.gnu-tools-for-stm32.10.3-2021.10.win32_1.0.200.202301161003/tools/bin/../lib/gcc/arm-none-eabi/10.3.1/../../../../arm-none-eabi/lib/thumb/v7-m/nofp\libc_nano.a(lib_a-memset.o)
                0x000000000800360c                memset
 .text.cleanup_glue
                0x000000000800361c       0x1a c:/st/stm32cubeide_1.12.1/stm32cubeide/plugins/com.st.stm32cube.ide.mcu.externaltools.gnu-tools-for-stm32.10.3-2021.10.win32_1.0.200.202301161003/tools/bin/../lib/gcc/arm-none-eabi/10.3.1/../../../../arm-none-eabi/lib/thumb/v7-m/nofp\libc_nano.a(lib_a-reent.o)
                0x000000000800361c                cleanup_glue
 *fill*         0x0000000008003636        0x2 
 .text._reclaim_reent
                0x0000000008003638       0xb8 c:/st/stm32cubeide_1.12.1/stm32cubeide/plugins/com.st.stm32cube.ide.mcu.externaltools.gnu-tools-for-stm32.10.3-2021.10.win32_1.0.200.202301161003/tools/bin/../lib/gcc/arm-none-eabi/10.3.1/../../../../arm-none-eabi/lib/thumb/v7-m/nofp\libc_nano.a(lib_a-reent.o)
                0x0000000008003638                _reclaim_reent
 .text.__malloc_lock
                0x00000000080036f0        0xc c:/st/stm32cubeide_1.12.1/stm32cubeide/plugins/com.st.stm32cube.ide.mcu.externaltools.gnu-tools-for-stm32.10.3-2021.10.win32_1.0.200.202301161003/tools/bin/../lib/gcc/arm-none-eabi/10.3.1/../../../../arm-none-eabi/lib/thumb/v7-m/nofp\libc_nano.a(lib_a-mlock.o)
                0x00000000080036f0                __malloc_lock
 .text.__malloc_unlock
                0x00000000080036fc        0xc c:/st/stm32cubeide_1.12.1/stm32cubeide/plugins/com.st.stm32cube.ide.mcu.externaltools.gnu-tools-for-stm32.10.3-2021.10.win32_1.0.200.202301161003/tools/bin/../lib/gcc/arm-none-eabi/10.3.1/../../../../arm-none-eabi/lib/thumb/v7-m/nofp\libc_nano.a(lib_a-mlock.o)
                0x00000000080036fc                __malloc_unlock
 .text._free_r  0x0000000008003708       0x90 c:/st/stm32cubeide_1.12.1/stm32cubeide/plugins/com.st.stm32cube.ide.mcu.externaltools.gnu-tools-for-stm32.10.3-2021.10.win32_1.0.200.202301161003/tools/bin/../lib/gcc/arm-none-eabi/10.3.1/../../../../arm-none-eabi/lib/thumb/v7-m/nofp\libc_nano.a(lib_a-nano-freer.o)
                0x0000000008003708                _free_r
 *(.glue_7)
 .glue_7        0x0000000008003798        0x0 linker stubs
 *(.glue_7t)
 .glue_7t       0x0000000008003798        0x0 linker stubs
 *(.eh_frame)
 .eh_frame      0x0000000008003798        0x0 c:/st/stm32cubeide_1.12.1/stm32cubeide/plugins/com.st.stm32cube.ide.mcu.externaltools.gnu-tools-for-stm32.10.3-2021.10.win32_1.0.200.202301161003/tools/bin/../lib/gcc/arm-none-eabi/10.3.1/thumb/v7-m/nofp/crtbegin.o
 *(.init)
 .init          0x0000000008003798        0x4 c:/st/stm32cubeide_1.12.1/stm32cubeide/plugins/com.st.stm32cube.ide.mcu.externaltools.gnu-tools-for-stm32.10.3-2021.10.win32_1.0.200.202301161003/tools/bin/../lib/gcc/arm-none-eabi/10.3.1/thumb/v7-m/nofp/crti.o
                0x0000000008003798                _init
 .init          0x000000000800379c        0x8 c:/st/stm32cubeide_1.12.1/stm32cubeide/plugins/com.st.stm32cube.ide.mcu.externaltools.gnu-tools-for-stm32.10.3-2021.10.win32_1.0.200.202301161003/tools/bin/../lib/gcc/arm-none-eabi/10.3.1/thumb/v7-m/nofp/crtn.o
 *(.fini)
 .fini          0x00000000080037a4        0x4 c:/st/stm32cubeide_1.12.1/stm32cubeide/plugins/com.st.stm32cube.ide.mcu.externaltools.gnu-tools-for-stm32.10.3-2021.10.win32_1.0.200.202301161003/tools/bin/../lib/gcc/arm-none-eabi/10.3.1/thumb/v7-m/nofp/crti.o
                0x00000000080037a4                _fini
 .fini          0x00000000080037a8        0x8 c:/st/stm32cubeide_1.12.1/stm32cubeide/plugins/com.st.stm32cube.ide.mcu.externaltools.gnu-tools-for-stm32.10.3-2021.10.win32_1.0.200.202301161003/tools/bin/../lib/gcc/arm-none-eabi/10.3.1/thumb/v7-m/nofp/crtn.o
                0x00000000080037b0                . = ALIGN (0x4)
                0x00000000080037b0                _etext = .

.vfp11_veneer   0x00000000080037b0        0x0
 .vfp11_veneer  0x00000000080037b0        0x0 linker stubs

.v4_bx          0x00000000080037b0        0x0
 .v4_bx         0x00000000080037b0        0x0 linker stubs

.iplt           0x00000000080037b0        0x0
 .iplt          0x00000000080037b0        0x0 c:/st/stm32cubeide_1.12.1/stm32cubeide/plugins/com.st.stm32cube.ide.mcu.externaltools.gnu-tools-for-stm32.10.3-2021.10.win32_1.0.200.202301161003/tools/bin/../lib/gcc/arm-none-eabi/10.3.1/thumb/v7-m/nofp/crtbegin.o

.rodata         0x00000000080037b0       0xb4
                0x00000000080037b0                . = ALIGN (0x4)
 *(.rodata)
 .rodata        0x00000000080037b0       0x28 ./Core/Src/main.o
 .rodata        0x00000000080037d8        0x5 ./Middlewares/Third_Party/FreeRTOS/Source/tasks.o
 *(.rodata*)
 *fill*         0x00000000080037dd        0x3 
 .rodata.PLLMulTable
                0x00000000080037e0        0x9 ./Core/Src/system_stm32l1xx.o
                0x00000000080037e0                PLLMulTable
 *fill*         0x00000000080037e9        0x3 
 .rodata.AHBPrescTable
                0x00000000080037ec       0x10 ./Core/Src/system_stm32l1xx.o
                0x00000000080037ec                AHBPrescTable
 .rodata.APBPrescTable
                0x00000000080037fc        0x8 ./Core/Src/system_stm32l1xx.o
                0x00000000080037fc                APBPrescTable
 .rodata.__sf_fake_stderr
                0x0000000008003804       0x20 c:/st/stm32cubeide_1.12.1/stm32cubeide/plugins/com.st.stm32cube.ide.mcu.externaltools.gnu-tools-for-stm32.10.3-2021.10.win32_1.0.200.202301161003/tools/bin/../lib/gcc/arm-none-eabi/10.3.1/../../../../arm-none-eabi/lib/thumb/v7-m/nofp\libc_nano.a(lib_a-findfp.o)
                0x0000000008003804                __sf_fake_stderr
 .rodata.__sf_fake_stdin
                0x0000000008003824       0x20 c:/st/stm32cubeide_1.12.1/stm32cubeide/plugins/com.st.stm32cube.ide.mcu.externaltools.gnu-tools-for-stm32.10.3-2021.10.win32_1.0.200.202301161003/tools/bin/../lib/gcc/arm-none-eabi/10.3.1/../../../../arm-none-eabi/lib/thumb/v7-m/nofp\libc_nano.a(lib_a-findfp.o)
                0x0000000008003824                __sf_fake_stdin
 .rodata.__sf_fake_stdout
                0x0000000008003844       0x20 c:/st/stm32cubeide_1.12.1/stm32cubeide/plugins/com.st.stm32cube.ide.mcu.externaltools.gnu-tools-for-stm32.10.3-2021.10.win32_1.0.200.202301161003/tools/bin/../lib/gcc/arm-none-eabi/10.3.1/../../../../arm-none-eabi/lib/thumb/v7-m/nofp\libc_nano.a(lib_a-findfp.o)
                0x0000000008003844                __sf_fake_stdout
                0x0000000008003864                . = ALIGN (0x4)

.ARM.extab      0x0000000008003864        0x0
                0x0000000008003864                . = ALIGN (0x4)
 *(.ARM.extab* .gnu.linkonce.armextab.*)
                0x0000000008003864                . = ALIGN (0x4)

.ARM            0x0000000008003864        0x8
                0x0000000008003864                . = ALIGN (0x4)
                0x0000000008003864                __exidx_start = .
 *(.ARM.exidx*)
 .ARM.exidx     0x0000000008003864        0x8 c:/st/stm32cubeide_1.12.1/stm32cubeide/plugins/com.st.stm32cube.ide.mcu.externaltools.gnu-tools-for-stm32.10.3-2021.10.win32_1.0.200.202301161003/tools/bin/../lib/gcc/arm-none-eabi/10.3.1/thumb/v7-m/nofp\libgcc.a(_udivmoddi4.o)
                0x000000000800386c                __exidx_end = .
                0x000000000800386c                . = ALIGN (0x4)

.rel.dyn        0x000000000800386c        0x0
 .rel.iplt      0x000000000800386c        0x0 c:/st/stm32cubeide_1.12.1/stm32cubeide/plugins/com.st.stm32cube.ide.mcu.externaltools.gnu-tools-for-stm32.10.3-2021.10.win32_1.0.200.202301161003/tools/bin/../lib/gcc/arm-none-eabi/10.3.1/thumb/v7-m/nofp/crtbegin.o

.preinit_array  0x000000000800386c        0x0
                0x000000000800386c                . = ALIGN (0x4)
                0x000000000800386c                PROVIDE (__preinit_array_start = .)
 *(.preinit_array*)
                0x000000000800386c                PROVIDE (__preinit_array_end = .)
                0x000000000800386c                . = ALIGN (0x4)

.init_array     0x000000000800386c        0x4
                0x000000000800386c                . = ALIGN (0x4)
                0x000000000800386c                PROVIDE (__init_array_start = .)
 *(SORT_BY_NAME(.init_array.*))
 *(.init_array*)
 .init_array    0x000000000800386c        0x4 c:/st/stm32cubeide_1.12.1/stm32cubeide/plugins/com.st.stm32cube.ide.mcu.externaltools.gnu-tools-for-stm32.10.3-2021.10.win32_1.0.200.202301161003/tools/bin/../lib/gcc/arm-none-eabi/10.3.1/thumb/v7-m/nofp/crtbegin.o
                0x0000000008003870                PROVIDE (__init_array_end = .)
                0x0000000008003870                . = ALIGN (0x4)

.fini_array     0x0000000008003870        0x4
                0x0000000008003870                . = ALIGN (0x4)
                [!provide]                        PROVIDE (__fini_array_start = .)
 *(SORT_BY_NAME(.fini_array.*))
 *(.fini_array*)
 .fini_array    0x0000000008003870        0x4 c:/st/stm32cubeide_1.12.1/stm32cubeide/plugins/com.st.stm32cube.ide.mcu.externaltools.gnu-tools-for-stm32.10.3-2021.10.win32_1.0.200.202301161003/tools/bin/../lib/gcc/arm-none-eabi/10.3.1/thumb/v7-m/nofp/crtbegin.o
                [!provide]                        PROVIDE (__fini_array_end = .)
                0x0000000008003874                . = ALIGN (0x4)
                0x0000000008003874                _sidata = LOADADDR (.data)

.data           0x0000000020000000       0x74 load address 0x0000000008003874
                0x0000000020000000                . = ALIGN (0x4)
                0x0000000020000000                _sdata = .
 *(.data)
 *(.data*)
 .data.SystemCoreClock
                0x0000000020000000        0x4 ./Core/Src/system_stm32l1xx.o
                0x0000000020000000                SystemCoreClock
 .data.uwTickPrio
                0x0000000020000004        0x4 ./Drivers/STM32L1xx_HAL_Driver/Src/stm32l1xx_hal.o
                0x0000000020000004                uwTickPrio
 .data.uwTickFreq
                0x0000000020000008        0x4 ./Drivers/STM32L1xx_HAL_Driver/Src/stm32l1xx_hal.o
                0x0000000020000008                uwTickFreq
 .data.uxCriticalNesting
                0x000000002000000c        0x4 ./Middlewares/Third_Party/FreeRTOS/Source/portable/GCC/ARM_CM3/port.o
 .data._impure_ptr
                0x0000000020000010        0x4 c:/st/stm32cubeide_1.12.1/stm32cubeide/plugins/com.st.stm32cube.ide.mcu.externaltools.gnu-tools-for-stm32.10.3-2021.10.win32_1.0.200.202301161003/tools/bin/../lib/gcc/arm-none-eabi/10.3.1/../../../../arm-none-eabi/lib/thumb/v7-m/nofp\libc_nano.a(lib_a-impure.o)
                0x0000000020000010                _impure_ptr
 .data.impure_data
                0x0000000020000014       0x60 c:/st/stm32cubeide_1.12.1/stm32cubeide/plugins/com.st.stm32cube.ide.mcu.externaltools.gnu-tools-for-stm32.10.3-2021.10.win32_1.0.200.202301161003/tools/bin/../lib/gcc/arm-none-eabi/10.3.1/../../../../arm-none-eabi/lib/thumb/v7-m/nofp\libc_nano.a(lib_a-impure.o)
 *(.RamFunc)
 *(.RamFunc*)
                0x0000000020000074                . = ALIGN (0x4)
                0x0000000020000074                _edata = .

.igot.plt       0x0000000020000074        0x0 load address 0x00000000080038e8
 .igot.plt      0x0000000020000074        0x0 c:/st/stm32cubeide_1.12.1/stm32cubeide/plugins/com.st.stm32cube.ide.mcu.externaltools.gnu-tools-for-stm32.10.3-2021.10.win32_1.0.200.202301161003/tools/bin/../lib/gcc/arm-none-eabi/10.3.1/thumb/v7-m/nofp/crtbegin.o
                0x0000000020000074                . = ALIGN (0x4)

.bss            0x0000000020000074     0x10b4 load address 0x00000000080038e8
                0x0000000020000074                _sbss = .
                0x0000000020000074                __bss_start__ = _sbss
 *(.bss)
 .bss           0x0000000020000074       0x1c c:/st/stm32cubeide_1.12.1/stm32cubeide/plugins/com.st.stm32cube.ide.mcu.externaltools.gnu-tools-for-stm32.10.3-2021.10.win32_1.0.200.202301161003/tools/bin/../lib/gcc/arm-none-eabi/10.3.1/thumb/v7-m/nofp/crtbegin.o
 *(.bss*)
 .bss.xIdleTaskTCBBuffer
                0x0000000020000090       0xb4 ./Core/Src/freertos.o
 .bss.xIdleStack
                0x0000000020000144      0x200 ./Core/Src/freertos.o
 .bss.huart2    0x0000000020000344       0x48 ./Core/Src/main.o
                0x0000000020000344                huart2
 .bss.defaultTaskHandle
                0x000000002000038c        0x4 ./Core/Src/main.o
                0x000000002000038c                defaultTaskHandle
 .bss.htim2     0x0000000020000390       0x40 ./Core/Src/stm32l1xx_hal_timebase_tim.o
                0x0000000020000390                htim2
 .bss.uwTick    0x00000000200003d0        0x4 ./Drivers/STM32L1xx_HAL_Driver/Src/stm32l1xx_hal.o
                0x00000000200003d0                uwTick
 .bss.pxCurrentTCB
                0x00000000200003d4        0x4 ./Middlewares/Third_Party/FreeRTOS/Source/tasks.o
                0x00000000200003d4                pxCurrentTCB
 .bss.pxReadyTasksLists
                0x00000000200003d8       0x8c ./Middlewares/Third_Party/FreeRTOS/Source/tasks.o
 .bss.xDelayedTaskList1
                0x0000000020000464       0x14 ./Middlewares/Third_Party/FreeRTOS/Source/tasks.o
 .bss.xDelayedTaskList2
                0x0000000020000478       0x14 ./Middlewares/Third_Party/FreeRTOS/Source/tasks.o
 .bss.pxDelayedTaskList
                0x000000002000048c        0x4 ./Middlewares/Third_Party/FreeRTOS/Source/tasks.o
 .bss.pxOverflowDelayedTaskList
                0x0000000020000490        0x4 ./Middlewares/Third_Party/FreeRTOS/Source/tasks.o
 .bss.xPendingReadyList
                0x0000000020000494       0x14 ./Middlewares/Third_Party/FreeRTOS/Source/tasks.o
 .bss.xTasksWaitingTermination
                0x00000000200004a8       0x14 ./Middlewares/Third_Party/FreeRTOS/Source/tasks.o
 .bss.uxDeletedTasksWaitingCleanUp
                0x00000000200004bc        0x4 ./Middlewares/Third_Party/FreeRTOS/Source/tasks.o
 .bss.xSuspendedTaskList
                0x00000000200004c0       0x14 ./Middlewares/Third_Party/FreeRTOS/Source/tasks.o
 .bss.uxCurrentNumberOfTasks
                0x00000000200004d4        0x4 ./Middlewares/Third_Party/FreeRTOS/Source/tasks.o
 .bss.xTickCount
                0x00000000200004d8        0x4 ./Middlewares/Third_Party/FreeRTOS/Source/tasks.o
 .bss.uxTopReadyPriority
                0x00000000200004dc        0x4 ./Middlewares/Third_Party/FreeRTOS/Source/tasks.o
 .bss.xSchedulerRunning
                0x00000000200004e0        0x4 ./Middlewares/Third_Party/FreeRTOS/Source/tasks.o
 .bss.uxPendedTicks
                0x00000000200004e4        0x4 ./Middlewares/Third_Party/FreeRTOS/Source/tasks.o
 .bss.xYieldPending
                0x00000000200004e8        0x4 ./Middlewares/Third_Party/FreeRTOS/Source/tasks.o
 .bss.xNumOfOverflows
                0x00000000200004ec        0x4 ./Middlewares/Third_Party/FreeRTOS/Source/tasks.o
 .bss.uxTaskNumber
                0x00000000200004f0        0x4 ./Middlewares/Third_Party/FreeRTOS/Source/tasks.o
 .bss.xNextTaskUnblockTime
                0x00000000200004f4        0x4 ./Middlewares/Third_Party/FreeRTOS/Source/tasks.o
 .bss.xIdleTaskHandle
                0x00000000200004f8        0x4 ./Middlewares/Third_Party/FreeRTOS/Source/tasks.o
 .bss.uxSchedulerSuspended
                0x00000000200004fc        0x4 ./Middlewares/Third_Party/FreeRTOS/Source/tasks.o
 .bss.ucMaxSysCallPriority
                0x0000000020000500        0x1 ./Middlewares/Third_Party/FreeRTOS/Source/portable/GCC/ARM_CM3/port.o
 *fill*         0x0000000020000501        0x3 
 .bss.ulMaxPRIGROUPValue
                0x0000000020000504        0x4 ./Middlewares/Third_Party/FreeRTOS/Source/portable/GCC/ARM_CM3/port.o
 .bss.ucHeap    0x0000000020000508      0xc00 ./Middlewares/Third_Party/FreeRTOS/Source/portable/MemMang/heap_4.o
 .bss.xStart    0x0000000020001108        0x8 ./Middlewares/Third_Party/FreeRTOS/Source/portable/MemMang/heap_4.o
 .bss.pxEnd     0x0000000020001110        0x4 ./Middlewares/Third_Party/FreeRTOS/Source/portable/MemMang/heap_4.o
 .bss.xFreeBytesRemaining
                0x0000000020001114        0x4 ./Middlewares/Third_Party/FreeRTOS/Source/portable/MemMang/heap_4.o
 .bss.xMinimumEverFreeBytesRemaining
                0x0000000020001118        0x4 ./Middlewares/Third_Party/FreeRTOS/Source/portable/MemMang/heap_4.o
 .bss.xBlockAllocatedBit
                0x000000002000111c        0x4 ./Middlewares/Third_Party/FreeRTOS/Source/portable/MemMang/heap_4.o
 .bss.__lock___malloc_recursive_mutex
                0x0000000020001120        0x1 c:/st/stm32cubeide_1.12.1/stm32cubeide/plugins/com.st.stm32cube.ide.mcu.externaltools.gnu-tools-for-stm32.10.3-2021.10.win32_1.0.200.202301161003/tools/bin/../lib/gcc/arm-none-eabi/10.3.1/../../../../arm-none-eabi/lib/thumb/v7-m/nofp\libc_nano.a(lib_a-lock.o)
                0x0000000020001120                __lock___malloc_recursive_mutex
 *fill*         0x0000000020001121        0x3 
 .bss.__malloc_free_list
                0x0000000020001124        0x4 c:/st/stm32cubeide_1.12.1/stm32cubeide/plugins/com.st.stm32cube.ide.mcu.externaltools.gnu-tools-for-stm32.10.3-2021.10.win32_1.0.200.202301161003/tools/bin/../lib/gcc/arm-none-eabi/10.3.1/../../../../arm-none-eabi/lib/thumb/v7-m/nofp\libc_nano.a(lib_a-nano-mallocr.o)
                0x0000000020001124                __malloc_free_list
 *(COMMON)
                0x0000000020001128                . = ALIGN (0x4)
                0x0000000020001128                _ebss = .
                0x0000000020001128                __bss_end__ = _ebss

._user_heap_stack
                0x0000000020001128      0x600 load address 0x00000000080038e8
                0x0000000020001128                . = ALIGN (0x8)
                [!provide]                        PROVIDE (end = .)
                0x0000000020001128                PROVIDE (_end = .)
                0x0000000020001328                . = (. + _Min_Heap_Size)
 *fill*         0x0000000020001128      0x200 
                0x0000000020001728                . = (. + _Min_Stack_Size)
 *fill*         0x0000000020001328      0x400 
                0x0000000020001728                . = ALIGN (0x8)

/DISCARD/
 libc.a(*)
 libm.a(*)
 libgcc.a(*)

.ARM.attributes
                0x0000000000000000       0x29
 *(.ARM.attributes)
 .ARM.attributes
                0x0000000000000000       0x1d c:/st/stm32cubeide_1.12.1/stm32cubeide/plugins/com.st.stm32cube.ide.mcu.externaltools.gnu-tools-for-stm32.10.3-2021.10.win32_1.0.200.202301161003/tools/bin/../lib/gcc/arm-none-eabi/10.3.1/thumb/v7-m/nofp/crti.o
 .ARM.attributes
                0x000000000000001d       0x2d c:/st/stm32cubeide_1.12.1/stm32cubeide/plugins/com.st.stm32cube.ide.mcu.externaltools.gnu-tools-for-stm32.10.3-2021.10.win32_1.0.200.202301161003/tools/bin/../lib/gcc/arm-none-eabi/10.3.1/thumb/v7-m/nofp/crtbegin.o
 .ARM.attributes
                0x000000000000004a       0x2d ./Core/Src/freertos.o
 .ARM.attributes
                0x0000000000000077       0x2d ./Core/Src/main.o
 .ARM.attributes
                0x00000000000000a4       0x2d ./Core/Src/stm32l1xx_hal_msp.o
 .ARM.attributes
                0x00000000000000d1       0x2d ./Core/Src/stm32l1xx_hal_timebase_tim.o
 .ARM.attributes
                0x00000000000000fe       0x2d ./Core/Src/stm32l1xx_it.o
 .ARM.attributes
                0x000000000000012b       0x2d ./Core/Src/system_stm32l1xx.o
 .ARM.attributes
                0x0000000000000158       0x21 ./Core/Startup/startup_stm32l152retx.o
 .ARM.attributes
                0x0000000000000179       0x2d ./Drivers/STM32L1xx_HAL_Driver/Src/stm32l1xx_hal.o
 .ARM.attributes
                0x00000000000001a6       0x2d ./Drivers/STM32L1xx_HAL_Driver/Src/stm32l1xx_hal_cortex.o
 .ARM.attributes
                0x00000000000001d3       0x2d ./Drivers/STM32L1xx_HAL_Driver/Src/stm32l1xx_hal_gpio.o
 .ARM.attributes
                0x0000000000000200       0x2d ./Drivers/STM32L1xx_HAL_Driver/Src/stm32l1xx_hal_rcc.o
 .ARM.attributes
                0x000000000000022d       0x2d ./Drivers/STM32L1xx_HAL_Driver/Src/stm32l1xx_hal_tim.o
 .ARM.attributes
                0x000000000000025a       0x2d ./Drivers/STM32L1xx_HAL_Driver/Src/stm32l1xx_hal_uart.o
 .ARM.attributes
                0x0000000000000287       0x2d ./Middlewares/Third_Party/FreeRTOS/Source/CMSIS_RTOS/cmsis_os.o
 .ARM.attributes
                0x00000000000002b4       0x2d ./Middlewares/Third_Party/FreeRTOS/Source/list.o
 .ARM.attributes
                0x00000000000002e1       0x2d ./Middlewares/Third_Party/FreeRTOS/Source/tasks.o
 .ARM.attributes
                0x000000000000030e       0x2d ./Middlewares/Third_Party/FreeRTOS/Source/portable/GCC/ARM_CM3/port.o
 .ARM.attributes
                0x000000000000033b       0x2d ./Middlewares/Third_Party/FreeRTOS/Source/portable/MemMang/heap_4.o
 .ARM.attributes
                0x0000000000000368       0x2d c:/st/stm32cubeide_1.12.1/stm32cubeide/plugins/com.st.stm32cube.ide.mcu.externaltools.gnu-tools-for-stm32.10.3-2021.10.win32_1.0.200.202301161003/tools/bin/../lib/gcc/arm-none-eabi/10.3.1/../../../../arm-none-eabi/lib/thumb/v7-m/nofp\libc_nano.a(lib_a-findfp.o)
 .ARM.attributes
                0x0000000000000395       0x2d c:/st/stm32cubeide_1.12.1/stm32cubeide/plugins/com.st.stm32cube.ide.mcu.externaltools.gnu-tools-for-stm32.10.3-2021.10.win32_1.0.200.202301161003/tools/bin/../lib/gcc/arm-none-eabi/10.3.1/../../../../arm-none-eabi/lib/thumb/v7-m/nofp\libc_nano.a(lib_a-impure.o)
 .ARM.attributes
                0x00000000000003c2       0x2d c:/st/stm32cubeide_1.12.1/stm32cubeide/plugins/com.st.stm32cube.ide.mcu.externaltools.gnu-tools-for-stm32.10.3-2021.10.win32_1.0.200.202301161003/tools/bin/../lib/gcc/arm-none-eabi/10.3.1/../../../../arm-none-eabi/lib/thumb/v7-m/nofp\libc_nano.a(lib_a-init.o)
 .ARM.attributes
                0x00000000000003ef       0x2d c:/st/stm32cubeide_1.12.1/stm32cubeide/plugins/com.st.stm32cube.ide.mcu.externaltools.gnu-tools-for-stm32.10.3-2021.10.win32_1.0.200.202301161003/tools/bin/../lib/gcc/arm-none-eabi/10.3.1/../../../../arm-none-eabi/lib/thumb/v7-m/nofp\libc_nano.a(lib_a-lock.o)
 .ARM.attributes
                0x000000000000041c       0x2d c:/st/stm32cubeide_1.12.1/stm32cubeide/plugins/com.st.stm32cube.ide.mcu.externaltools.gnu-tools-for-stm32.10.3-2021.10.win32_1.0.200.202301161003/tools/bin/../lib/gcc/arm-none-eabi/10.3.1/../../../../arm-none-eabi/lib/thumb/v7-m/nofp\libc_nano.a(lib_a-memset.o)
 .ARM.attributes
                0x0000000000000449       0x2d c:/st/stm32cubeide_1.12.1/stm32cubeide/plugins/com.st.stm32cube.ide.mcu.externaltools.gnu-tools-for-stm32.10.3-2021.10.win32_1.0.200.202301161003/tools/bin/../lib/gcc/arm-none-eabi/10.3.1/../../../../arm-none-eabi/lib/thumb/v7-m/nofp\libc_nano.a(lib_a-nano-mallocr.o)
 .ARM.attributes
                0x0000000000000476       0x2d c:/st/stm32cubeide_1.12.1/stm32cubeide/plugins/com.st.stm32cube.ide.mcu.externaltools.gnu-tools-for-stm32.10.3-2021.10.win32_1.0.200.202301161003/tools/bin/../lib/gcc/arm-none-eabi/10.3.1/../../../../arm-none-eabi/lib/thumb/v7-m/nofp\libc_nano.a(lib_a-reent.o)
 .ARM.attributes
                0x00000000000004a3       0x2d c:/st/stm32cubeide_1.12.1/stm32cubeide/plugins/com.st.stm32cube.ide.mcu.externaltools.gnu-tools-for-stm32.10.3-2021.10.win32_1.0.200.202301161003/tools/bin/../lib/gcc/arm-none-eabi/10.3.1/../../../../arm-none-eabi/lib/thumb/v7-m/nofp\libc_nano.a(lib_a-mlock.o)
 .ARM.attributes
                0x00000000000004d0       0x2d c:/st/stm32cubeide_1.12.1/stm32cubeide/plugins/com.st.stm32cube.ide.mcu.externaltools.gnu-tools-for-stm32.10.3-2021.10.win32_1.0.200.202301161003/tools/bin/../lib/gcc/arm-none-eabi/10.3.1/../../../../arm-none-eabi/lib/thumb/v7-m/nofp\libc_nano.a(lib_a-nano-freer.o)
 .ARM.attributes
                0x00000000000004fd       0x1d c:/st/stm32cubeide_1.12.1/stm32cubeide/plugins/com.st.stm32cube.ide.mcu.externaltools.gnu-tools-for-stm32.10.3-2021.10.win32_1.0.200.202301161003/tools/bin/../lib/gcc/arm-none-eabi/10.3.1/thumb/v7-m/nofp\libgcc.a(_aeabi_uldivmod.o)
 .ARM.attributes
                0x000000000000051a       0x2d c:/st/stm32cubeide_1.12.1/stm32cubeide/plugins/com.st.stm32cube.ide.mcu.externaltools.gnu-tools-for-stm32.10.3-2021.10.win32_1.0.200.202301161003/tools/bin/../lib/gcc/arm-none-eabi/10.3.1/thumb/v7-m/nofp\libgcc.a(_udivmoddi4.o)
 .ARM.attributes
                0x0000000000000547       0x1d c:/st/stm32cubeide_1.12.1/stm32cubeide/plugins/com.st.stm32cube.ide.mcu.externaltools.gnu-tools-for-stm32.10.3-2021.10.win32_1.0.200.202301161003/tools/bin/../lib/gcc/arm-none-eabi/10.3.1/thumb/v7-m/nofp\libgcc.a(_dvmd_tls.o)
 .ARM.attributes
                0x0000000000000564       0x1d c:/st/stm32cubeide_1.12.1/stm32cubeide/plugins/com.st.stm32cube.ide.mcu.externaltools.gnu-tools-for-stm32.10.3-2021.10.win32_1.0.200.202301161003/tools/bin/../lib/gcc/arm-none-eabi/10.3.1/thumb/v7-m/nofp/crtn.o
OUTPUT(test2.elf elf32-littlearm)
LOAD linker stubs
LOAD c:/st/stm32cubeide_1.12.1/stm32cubeide/plugins/com.st.stm32cube.ide.mcu.externaltools.gnu-tools-for-stm32.10.3-2021.10.win32_1.0.200.202301161003/tools/bin/../lib/gcc/arm-none-eabi/10.3.1/../../../../arm-none-eabi/lib/thumb/v7-m/nofp\libc.a
LOAD c:/st/stm32cubeide_1.12.1/stm32cubeide/plugins/com.st.stm32cube.ide.mcu.externaltools.gnu-tools-for-stm32.10.3-2021.10.win32_1.0.200.202301161003/tools/bin/../lib/gcc/arm-none-eabi/10.3.1/../../../../arm-none-eabi/lib/thumb/v7-m/nofp\libm.a
LOAD c:/st/stm32cubeide_1.12.1/stm32cubeide/plugins/com.st.stm32cube.ide.mcu.externaltools.gnu-tools-for-stm32.10.3-2021.10.win32_1.0.200.202301161003/tools/bin/../lib/gcc/arm-none-eabi/10.3.1/thumb/v7-m/nofp\libgcc.a

.debug_info     0x0000000000000000    0x11499
 .debug_info    0x0000000000000000      0x9b6 ./Core/Src/freertos.o
 .debug_info    0x00000000000009b6     0x18d9 ./Core/Src/main.o
 .debug_info    0x000000000000228f      0xa35 ./Core/Src/stm32l1xx_hal_msp.o
 .debug_info    0x0000000000002cc4      0xa64 ./Core/Src/stm32l1xx_hal_timebase_tim.o
 .debug_info    0x0000000000003728      0x68f ./Core/Src/stm32l1xx_it.o
 .debug_info    0x0000000000003db7      0x2a7 ./Core/Src/system_stm32l1xx.o
 .debug_info    0x000000000000405e       0x22 ./Core/Startup/startup_stm32l152retx.o
 .debug_info    0x0000000000004080      0x726 ./Drivers/STM32L1xx_HAL_Driver/Src/stm32l1xx_hal.o
 .debug_info    0x00000000000047a6      0xd85 ./Drivers/STM32L1xx_HAL_Driver/Src/stm32l1xx_hal_cortex.o
 .debug_info    0x000000000000552b      0x635 ./Drivers/STM32L1xx_HAL_Driver/Src/stm32l1xx_hal_gpio.o
 .debug_info    0x0000000000005b60      0x9e6 ./Drivers/STM32L1xx_HAL_Driver/Src/stm32l1xx_hal_rcc.o
 .debug_info    0x0000000000006546     0x2a22 ./Drivers/STM32L1xx_HAL_Driver/Src/stm32l1xx_hal_tim.o
 .debug_info    0x0000000000008f68     0x31b1 ./Drivers/STM32L1xx_HAL_Driver/Src/stm32l1xx_hal_uart.o
 .debug_info    0x000000000000c119     0x232c ./Middlewares/Third_Party/FreeRTOS/Source/CMSIS_RTOS/cmsis_os.o
 .debug_info    0x000000000000e445      0x2cb ./Middlewares/Third_Party/FreeRTOS/Source/list.o
 .debug_info    0x000000000000e710     0x24ea ./Middlewares/Third_Party/FreeRTOS/Source/tasks.o
 .debug_info    0x0000000000010bfa      0x4b7 ./Middlewares/Third_Party/FreeRTOS/Source/portable/GCC/ARM_CM3/port.o
 .debug_info    0x00000000000110b1      0x3e8 ./Middlewares/Third_Party/FreeRTOS/Source/portable/MemMang/heap_4.o

.debug_abbrev   0x0000000000000000     0x26ac
 .debug_abbrev  0x0000000000000000      0x169 ./Core/Src/freertos.o
 .debug_abbrev  0x0000000000000169      0x2ea ./Core/Src/main.o
 .debug_abbrev  0x0000000000000453      0x1a4 ./Core/Src/stm32l1xx_hal_msp.o
 .debug_abbrev  0x00000000000005f7      0x1e6 ./Core/Src/stm32l1xx_hal_timebase_tim.o
 .debug_abbrev  0x00000000000007dd      0x171 ./Core/Src/stm32l1xx_it.o
 .debug_abbrev  0x000000000000094e      0x116 ./Core/Src/system_stm32l1xx.o
 .debug_abbrev  0x0000000000000a64       0x12 ./Core/Startup/startup_stm32l152retx.o
 .debug_abbrev  0x0000000000000a76      0x26c ./Drivers/STM32L1xx_HAL_Driver/Src/stm32l1xx_hal.o
 .debug_abbrev  0x0000000000000ce2      0x316 ./Drivers/STM32L1xx_HAL_Driver/Src/stm32l1xx_hal_cortex.o
 .debug_abbrev  0x0000000000000ff8      0x1c4 ./Drivers/STM32L1xx_HAL_Driver/Src/stm32l1xx_hal_gpio.o
 .debug_abbrev  0x00000000000011bc      0x2b0 ./Drivers/STM32L1xx_HAL_Driver/Src/stm32l1xx_hal_rcc.o
 .debug_abbrev  0x000000000000146c      0x24f ./Drivers/STM32L1xx_HAL_Driver/Src/stm32l1xx_hal_tim.o
 .debug_abbrev  0x00000000000016bb      0x2df ./Drivers/STM32L1xx_HAL_Driver/Src/stm32l1xx_hal_uart.o
 .debug_abbrev  0x000000000000199a      0x406 ./Middlewares/Third_Party/FreeRTOS/Source/CMSIS_RTOS/cmsis_os.o
 .debug_abbrev  0x0000000000001da0       0xf2 ./Middlewares/Third_Party/FreeRTOS/Source/list.o
 .debug_abbrev  0x0000000000001e92      0x3c4 ./Middlewares/Third_Party/FreeRTOS/Source/tasks.o
 .debug_abbrev  0x0000000000002256      0x257 ./Middlewares/Third_Party/FreeRTOS/Source/portable/GCC/ARM_CM3/port.o
 .debug_abbrev  0x00000000000024ad      0x1ff ./Middlewares/Third_Party/FreeRTOS/Source/portable/MemMang/heap_4.o

.debug_aranges  0x0000000000000000      0xeb0
 .debug_aranges
                0x0000000000000000       0x20 ./Core/Src/freertos.o
 .debug_aranges
                0x0000000000000020       0x50 ./Core/Src/main.o
 .debug_aranges
                0x0000000000000070       0x30 ./Core/Src/stm32l1xx_hal_msp.o
 .debug_aranges
                0x00000000000000a0       0x30 ./Core/Src/stm32l1xx_hal_timebase_tim.o
 .debug_aranges
                0x00000000000000d0       0x50 ./Core/Src/stm32l1xx_it.o
 .debug_aranges
                0x0000000000000120       0x28 ./Core/Src/system_stm32l1xx.o
 .debug_aranges
                0x0000000000000148       0x28 ./Core/Startup/startup_stm32l152retx.o
 .debug_aranges
                0x0000000000000170       0xe0 ./Drivers/STM32L1xx_HAL_Driver/Src/stm32l1xx_hal.o
 .debug_aranges
                0x0000000000000250      0x118 ./Drivers/STM32L1xx_HAL_Driver/Src/stm32l1xx_hal_cortex.o
 .debug_aranges
                0x0000000000000368       0x58 ./Drivers/STM32L1xx_HAL_Driver/Src/stm32l1xx_hal_gpio.o
 .debug_aranges
                0x00000000000003c0       0x90 ./Drivers/STM32L1xx_HAL_Driver/Src/stm32l1xx_hal_rcc.o
 .debug_aranges
                0x0000000000000450      0x3d0 ./Drivers/STM32L1xx_HAL_Driver/Src/stm32l1xx_hal_tim.o
 .debug_aranges
                0x0000000000000820      0x208 ./Drivers/STM32L1xx_HAL_Driver/Src/stm32l1xx_hal_uart.o
 .debug_aranges
                0x0000000000000a28      0x1d8 ./Middlewares/Third_Party/FreeRTOS/Source/CMSIS_RTOS/cmsis_os.o
 .debug_aranges
                0x0000000000000c00       0x40 ./Middlewares/Third_Party/FreeRTOS/Source/list.o
 .debug_aranges
                0x0000000000000c40      0x1a8 ./Middlewares/Third_Party/FreeRTOS/Source/tasks.o
 .debug_aranges
                0x0000000000000de8       0x78 ./Middlewares/Third_Party/FreeRTOS/Source/portable/GCC/ARM_CM3/port.o
 .debug_aranges
                0x0000000000000e60       0x50 ./Middlewares/Third_Party/FreeRTOS/Source/portable/MemMang/heap_4.o

.debug_ranges   0x0000000000000000      0xdc8
 .debug_ranges  0x0000000000000000       0x10 ./Core/Src/freertos.o
 .debug_ranges  0x0000000000000010       0x40 ./Core/Src/main.o
 .debug_ranges  0x0000000000000050       0x20 ./Core/Src/stm32l1xx_hal_msp.o
 .debug_ranges  0x0000000000000070       0x20 ./Core/Src/stm32l1xx_hal_timebase_tim.o
 .debug_ranges  0x0000000000000090       0x40 ./Core/Src/stm32l1xx_it.o
 .debug_ranges  0x00000000000000d0       0x18 ./Core/Src/system_stm32l1xx.o
 .debug_ranges  0x00000000000000e8       0x20 ./Core/Startup/startup_stm32l152retx.o
 .debug_ranges  0x0000000000000108       0xd0 ./Drivers/STM32L1xx_HAL_Driver/Src/stm32l1xx_hal.o
 .debug_ranges  0x00000000000001d8      0x108 ./Drivers/STM32L1xx_HAL_Driver/Src/stm32l1xx_hal_cortex.o
 .debug_ranges  0x00000000000002e0       0x48 ./Drivers/STM32L1xx_HAL_Driver/Src/stm32l1xx_hal_gpio.o
 .debug_ranges  0x0000000000000328       0x80 ./Drivers/STM32L1xx_HAL_Driver/Src/stm32l1xx_hal_rcc.o
 .debug_ranges  0x00000000000003a8      0x3c0 ./Drivers/STM32L1xx_HAL_Driver/Src/stm32l1xx_hal_tim.o
 .debug_ranges  0x0000000000000768      0x228 ./Drivers/STM32L1xx_HAL_Driver/Src/stm32l1xx_hal_uart.o
 .debug_ranges  0x0000000000000990      0x1c8 ./Middlewares/Third_Party/FreeRTOS/Source/CMSIS_RTOS/cmsis_os.o
 .debug_ranges  0x0000000000000b58       0x30 ./Middlewares/Third_Party/FreeRTOS/Source/list.o
 .debug_ranges  0x0000000000000b88      0x198 ./Middlewares/Third_Party/FreeRTOS/Source/tasks.o
 .debug_ranges  0x0000000000000d20       0x68 ./Middlewares/Third_Party/FreeRTOS/Source/portable/GCC/ARM_CM3/port.o
 .debug_ranges  0x0000000000000d88       0x40 ./Middlewares/Third_Party/FreeRTOS/Source/portable/MemMang/heap_4.o

.debug_macro    0x0000000000000000    0x171a4
 .debug_macro   0x0000000000000000      0x2c3 ./Core/Src/freertos.o
 .debug_macro   0x00000000000002c3      0xa6c ./Core/Src/freertos.o
 .debug_macro   0x0000000000000d2f      0x174 ./Core/Src/freertos.o
 .debug_macro   0x0000000000000ea3       0x22 ./Core/Src/freertos.o
 .debug_macro   0x0000000000000ec5       0x8e ./Core/Src/freertos.o
 .debug_macro   0x0000000000000f53       0x51 ./Core/Src/freertos.o
 .debug_macro   0x0000000000000fa4      0x103 ./Core/Src/freertos.o
 .debug_macro   0x00000000000010a7       0x6a ./Core/Src/freertos.o
 .debug_macro   0x0000000000001111      0x1df ./Core/Src/freertos.o
 .debug_macro   0x00000000000012f0       0xdc ./Core/Src/freertos.o
 .debug_macro   0x00000000000013cc      0x15a ./Core/Src/freertos.o
 .debug_macro   0x0000000000001526       0xd7 ./Core/Src/freertos.o
 .debug_macro   0x00000000000015fd       0x10 ./Core/Src/freertos.o
 .debug_macro   0x000000000000160d       0x1f ./Core/Src/freertos.o
 .debug_macro   0x000000000000162c       0x52 ./Core/Src/freertos.o
 .debug_macro   0x000000000000167e       0x18 ./Core/Src/freertos.o
 .debug_macro   0x0000000000001696       0x3c ./Core/Src/freertos.o
 .debug_macro   0x00000000000016d2       0x34 ./Core/Src/freertos.o
 .debug_macro   0x0000000000001706       0x16 ./Core/Src/freertos.o
 .debug_macro   0x000000000000171c       0x43 ./Core/Src/freertos.o
 .debug_macro   0x000000000000175f       0x34 ./Core/Src/freertos.o
 .debug_macro   0x0000000000001793       0x10 ./Core/Src/freertos.o
 .debug_macro   0x00000000000017a3       0x58 ./Core/Src/freertos.o
 .debug_macro   0x00000000000017fb       0x71 ./Core/Src/freertos.o
 .debug_macro   0x000000000000186c       0x1c ./Core/Src/freertos.o
 .debug_macro   0x0000000000001888      0x12a ./Core/Src/freertos.o
 .debug_macro   0x00000000000019b2       0x10 ./Core/Src/freertos.o
 .debug_macro   0x00000000000019c2       0x35 ./Core/Src/freertos.o
 .debug_macro   0x00000000000019f7      0x4b1 ./Core/Src/freertos.o
 .debug_macro   0x0000000000001ea8       0xb5 ./Core/Src/freertos.o
 .debug_macro   0x0000000000001f5d       0x8c ./Core/Src/freertos.o
 .debug_macro   0x0000000000001fe9      0x10f ./Core/Src/freertos.o
 .debug_macro   0x00000000000020f8       0x2e ./Core/Src/freertos.o
 .debug_macro   0x0000000000002126       0x22 ./Core/Src/freertos.o
 .debug_macro   0x0000000000002148       0x1c ./Core/Src/freertos.o
 .debug_macro   0x0000000000002164       0x22 ./Core/Src/freertos.o
 .debug_macro   0x0000000000002186       0xbd ./Core/Src/freertos.o
 .debug_macro   0x0000000000002243      0xe49 ./Core/Src/freertos.o
 .debug_macro   0x000000000000308c      0x11f ./Core/Src/freertos.o
 .debug_macro   0x00000000000031ab     0xb56a ./Core/Src/freertos.o
 .debug_macro   0x000000000000e715       0x6d ./Core/Src/freertos.o
 .debug_macro   0x000000000000e782     0x34cc ./Core/Src/freertos.o
 .debug_macro   0x0000000000011c4e       0x5b ./Core/Src/freertos.o
 .debug_macro   0x0000000000011ca9      0xe37 ./Core/Src/freertos.o
 .debug_macro   0x0000000000012ae0      0x35b ./Core/Src/freertos.o
 .debug_macro   0x0000000000012e3b      0x1b8 ./Core/Src/freertos.o
 .debug_macro   0x0000000000012ff3       0xc5 ./Core/Src/freertos.o
 .debug_macro   0x00000000000130b8      0x21e ./Core/Src/freertos.o
 .debug_macro   0x00000000000132d6      0x236 ./Core/Src/freertos.o
 .debug_macro   0x000000000001350c      0x115 ./Core/Src/freertos.o
 .debug_macro   0x0000000000013621      0x567 ./Core/Src/freertos.o
 .debug_macro   0x0000000000013b88      0x1e9 ./Core/Src/freertos.o
 .debug_macro   0x0000000000013d71       0x22 ./Core/Src/freertos.o
 .debug_macro   0x0000000000013d93      0x788 ./Core/Src/freertos.o
 .debug_macro   0x000000000001451b       0xac ./Core/Src/freertos.o
 .debug_macro   0x00000000000145c7      0x2aa ./Core/Src/freertos.o
 .debug_macro   0x0000000000014871      0x170 ./Core/Src/freertos.o
 .debug_macro   0x00000000000149e1      0x492 ./Core/Src/freertos.o
 .debug_macro   0x0000000000014e73       0x58 ./Core/Src/freertos.o
 .debug_macro   0x0000000000014ecb      0x30e ./Core/Src/main.o
 .debug_macro   0x00000000000151d9       0xdc ./Core/Src/main.o
 .debug_macro   0x00000000000152b5       0x91 ./Core/Src/main.o
 .debug_macro   0x0000000000015346       0x8d ./Core/Src/main.o
 .debug_macro   0x00000000000153d3       0x7e ./Core/Src/main.o
 .debug_macro   0x0000000000015451       0x19 ./Core/Src/main.o
 .debug_macro   0x000000000001546a       0xf2 ./Core/Src/main.o
 .debug_macro   0x000000000001555c      0x1be ./Core/Src/stm32l1xx_hal_msp.o
 .debug_macro   0x000000000001571a      0x1af ./Core/Src/stm32l1xx_hal_timebase_tim.o
 .debug_macro   0x00000000000158c9      0x1c8 ./Core/Src/stm32l1xx_it.o
 .debug_macro   0x0000000000015a91      0x1af ./Core/Src/system_stm32l1xx.o
 .debug_macro   0x0000000000015c40      0x1d3 ./Drivers/STM32L1xx_HAL_Driver/Src/stm32l1xx_hal.o
 .debug_macro   0x0000000000015e13      0x1af ./Drivers/STM32L1xx_HAL_Driver/Src/stm32l1xx_hal_cortex.o
 .debug_macro   0x0000000000015fc2      0x1b6 ./Drivers/STM32L1xx_HAL_Driver/Src/stm32l1xx_hal_gpio.o
 .debug_macro   0x0000000000016178      0x1c1 ./Drivers/STM32L1xx_HAL_Driver/Src/stm32l1xx_hal_rcc.o
 .debug_macro   0x0000000000016339      0x1b0 ./Drivers/STM32L1xx_HAL_Driver/Src/stm32l1xx_hal_tim.o
 .debug_macro   0x00000000000164e9      0x1b0 ./Drivers/STM32L1xx_HAL_Driver/Src/stm32l1xx_hal_uart.o
 .debug_macro   0x0000000000016699      0x210 ./Middlewares/Third_Party/FreeRTOS/Source/CMSIS_RTOS/cmsis_os.o
 .debug_macro   0x00000000000168a9       0x10 ./Middlewares/Third_Party/FreeRTOS/Source/CMSIS_RTOS/cmsis_os.o
 .debug_macro   0x00000000000168b9       0x20 ./Middlewares/Third_Party/FreeRTOS/Source/CMSIS_RTOS/cmsis_os.o
 .debug_macro   0x00000000000168d9       0x16 ./Middlewares/Third_Party/FreeRTOS/Source/CMSIS_RTOS/cmsis_os.o
 .debug_macro   0x00000000000168ef       0xab ./Middlewares/Third_Party/FreeRTOS/Source/CMSIS_RTOS/cmsis_os.o
 .debug_macro   0x000000000001699a      0x199 ./Middlewares/Third_Party/FreeRTOS/Source/list.o
 .debug_macro   0x0000000000016b33      0x292 ./Middlewares/Third_Party/FreeRTOS/Source/tasks.o
 .debug_macro   0x0000000000016dc5       0x10 ./Middlewares/Third_Party/FreeRTOS/Source/tasks.o
 .debug_macro   0x0000000000016dd5      0x20f ./Middlewares/Third_Party/FreeRTOS/Source/portable/GCC/ARM_CM3/port.o
 .debug_macro   0x0000000000016fe4      0x1c0 ./Middlewares/Third_Party/FreeRTOS/Source/portable/MemMang/heap_4.o

.debug_line     0x0000000000000000     0xf952
 .debug_line    0x0000000000000000      0x8d4 ./Core/Src/freertos.o
 .debug_line    0x00000000000008d4      0xa73 ./Core/Src/main.o
 .debug_line    0x0000000000001347      0x6f8 ./Core/Src/stm32l1xx_hal_msp.o
 .debug_line    0x0000000000001a3f      0x723 ./Core/Src/stm32l1xx_hal_timebase_tim.o
 .debug_line    0x0000000000002162      0x746 ./Core/Src/stm32l1xx_it.o
 .debug_line    0x00000000000028a8      0x74a ./Core/Src/system_stm32l1xx.o
 .debug_line    0x0000000000002ff2       0x87 ./Core/Startup/startup_stm32l152retx.o
 .debug_line    0x0000000000003079      0x96d ./Drivers/STM32L1xx_HAL_Driver/Src/stm32l1xx_hal.o
 .debug_line    0x00000000000039e6      0xc3a ./Drivers/STM32L1xx_HAL_Driver/Src/stm32l1xx_hal_cortex.o
 .debug_line    0x0000000000004620      0x9e5 ./Drivers/STM32L1xx_HAL_Driver/Src/stm32l1xx_hal_gpio.o
 .debug_line    0x0000000000005005      0xe76 ./Drivers/STM32L1xx_HAL_Driver/Src/stm32l1xx_hal_rcc.o
 .debug_line    0x0000000000005e7b     0x2f07 ./Drivers/STM32L1xx_HAL_Driver/Src/stm32l1xx_hal_tim.o
 .debug_line    0x0000000000008d82     0x289f ./Drivers/STM32L1xx_HAL_Driver/Src/stm32l1xx_hal_uart.o
 .debug_line    0x000000000000b621     0x11d6 ./Middlewares/Third_Party/FreeRTOS/Source/CMSIS_RTOS/cmsis_os.o
 .debug_line    0x000000000000c7f7      0x711 ./Middlewares/Third_Party/FreeRTOS/Source/list.o
 .debug_line    0x000000000000cf08     0x18f8 ./Middlewares/Third_Party/FreeRTOS/Source/tasks.o
 .debug_line    0x000000000000e800      0x87f ./Middlewares/Third_Party/FreeRTOS/Source/portable/GCC/ARM_CM3/port.o
 .debug_line    0x000000000000f07f      0x8d3 ./Middlewares/Third_Party/FreeRTOS/Source/portable/MemMang/heap_4.o

.debug_str      0x0000000000000000    0x93341
 .debug_str     0x0000000000000000    0x8a555 ./Core/Src/freertos.o
                                      0x8a85f (size before relaxing)
 .debug_str     0x000000000008a555     0x2d7f ./Core/Src/main.o
                                      0x8d601 (size before relaxing)
 .debug_str     0x000000000008d2d4      0x3e2 ./Core/Src/stm32l1xx_hal_msp.o
                                      0x858ac (size before relaxing)
 .debug_str     0x000000000008d6b6      0x11a ./Core/Src/stm32l1xx_hal_timebase_tim.o
                                      0x858fa (size before relaxing)
 .debug_str     0x000000000008d7d0       0xb5 ./Core/Src/stm32l1xx_it.o
                                      0x8554e (size before relaxing)
 .debug_str     0x000000000008d885       0x99 ./Core/Src/system_stm32l1xx.o
                                      0x84fce (size before relaxing)
 .debug_str     0x000000000008d91e       0x36 ./Core/Startup/startup_stm32l152retx.o
                                         0x6f (size before relaxing)
 .debug_str     0x000000000008d954      0x2d7 ./Drivers/STM32L1xx_HAL_Driver/Src/stm32l1xx_hal.o
                                      0x856f3 (size before relaxing)
 .debug_str     0x000000000008dc2b      0x3b7 ./Drivers/STM32L1xx_HAL_Driver/Src/stm32l1xx_hal_cortex.o
                                      0x857cd (size before relaxing)
 .debug_str     0x000000000008dfe2      0x11b ./Drivers/STM32L1xx_HAL_Driver/Src/stm32l1xx_hal_gpio.o
                                      0x85161 (size before relaxing)
 .debug_str     0x000000000008e0fd      0x24b ./Drivers/STM32L1xx_HAL_Driver/Src/stm32l1xx_hal_rcc.o
                                      0x8548a (size before relaxing)
 .debug_str     0x000000000008e348      0xe28 ./Drivers/STM32L1xx_HAL_Driver/Src/stm32l1xx_hal_tim.o
                                      0x862c1 (size before relaxing)
 .debug_str     0x000000000008f170      0x62f ./Drivers/STM32L1xx_HAL_Driver/Src/stm32l1xx_hal_uart.o
                                      0x85a33 (size before relaxing)
 .debug_str     0x000000000008f79f     0x1ee3 ./Middlewares/Third_Party/FreeRTOS/Source/CMSIS_RTOS/cmsis_os.o
                                       0xe089 (size before relaxing)
 .debug_str     0x0000000000091682      0x21b ./Middlewares/Third_Party/FreeRTOS/Source/list.o
                                       0xa341 (size before relaxing)
 .debug_str     0x000000000009189d     0x11f3 ./Middlewares/Third_Party/FreeRTOS/Source/tasks.o
                                       0xca00 (size before relaxing)
 .debug_str     0x0000000000092a90      0x66e ./Middlewares/Third_Party/FreeRTOS/Source/portable/GCC/ARM_CM3/port.o
                                       0x9a76 (size before relaxing)
 .debug_str     0x00000000000930fe      0x243 ./Middlewares/Third_Party/FreeRTOS/Source/portable/MemMang/heap_4.o
                                       0xaa8e (size before relaxing)

.comment        0x0000000000000000       0x50
 .comment       0x0000000000000000       0x50 ./Core/Src/freertos.o
                                         0x51 (size before relaxing)
 .comment       0x0000000000000050       0x51 ./Core/Src/main.o
 .comment       0x0000000000000050       0x51 ./Core/Src/stm32l1xx_hal_msp.o
 .comment       0x0000000000000050       0x51 ./Core/Src/stm32l1xx_hal_timebase_tim.o
 .comment       0x0000000000000050       0x51 ./Core/Src/stm32l1xx_it.o
 .comment       0x0000000000000050       0x51 ./Core/Src/system_stm32l1xx.o
 .comment       0x0000000000000050       0x51 ./Drivers/STM32L1xx_HAL_Driver/Src/stm32l1xx_hal.o
 .comment       0x0000000000000050       0x51 ./Drivers/STM32L1xx_HAL_Driver/Src/stm32l1xx_hal_cortex.o
 .comment       0x0000000000000050       0x51 ./Drivers/STM32L1xx_HAL_Driver/Src/stm32l1xx_hal_gpio.o
 .comment       0x0000000000000050       0x51 ./Drivers/STM32L1xx_HAL_Driver/Src/stm32l1xx_hal_rcc.o
 .comment       0x0000000000000050       0x51 ./Drivers/STM32L1xx_HAL_Driver/Src/stm32l1xx_hal_tim.o
 .comment       0x0000000000000050       0x51 ./Drivers/STM32L1xx_HAL_Driver/Src/stm32l1xx_hal_uart.o
 .comment       0x0000000000000050       0x51 ./Middlewares/Third_Party/FreeRTOS/Source/CMSIS_RTOS/cmsis_os.o
 .comment       0x0000000000000050       0x51 ./Middlewares/Third_Party/FreeRTOS/Source/list.o
 .comment       0x0000000000000050       0x51 ./Middlewares/Third_Party/FreeRTOS/Source/tasks.o
 .comment       0x0000000000000050       0x51 ./Middlewares/Third_Party/FreeRTOS/Source/portable/GCC/ARM_CM3/port.o
 .comment       0x0000000000000050       0x51 ./Middlewares/Third_Party/FreeRTOS/Source/portable/MemMang/heap_4.o

.debug_frame    0x0000000000000000     0x3fe4
 .debug_frame   0x0000000000000000       0x38 ./Core/Src/freertos.o
 .debug_frame   0x0000000000000038       0xf4 ./Core/Src/main.o
 .debug_frame   0x000000000000012c       0x7c ./Core/Src/stm32l1xx_hal_msp.o
 .debug_frame   0x00000000000001a8       0x74 ./Core/Src/stm32l1xx_hal_timebase_tim.o
 .debug_frame   0x000000000000021c       0xc4 ./Core/Src/stm32l1xx_it.o
 .debug_frame   0x00000000000002e0       0x58 ./Core/Src/system_stm32l1xx.o
 .debug_frame   0x0000000000000338      0x33c ./Drivers/STM32L1xx_HAL_Driver/Src/stm32l1xx_hal.o
 .debug_frame   0x0000000000000674      0x498 ./Drivers/STM32L1xx_HAL_Driver/Src/stm32l1xx_hal_cortex.o
 .debug_frame   0x0000000000000b0c      0x14c ./Drivers/STM32L1xx_HAL_Driver/Src/stm32l1xx_hal_gpio.o
 .debug_frame   0x0000000000000c58      0x224 ./Drivers/STM32L1xx_HAL_Driver/Src/stm32l1xx_hal_rcc.o
 .debug_frame   0x0000000000000e7c     0x11b4 ./Drivers/STM32L1xx_HAL_Driver/Src/stm32l1xx_hal_tim.o
 .debug_frame   0x0000000000002030      0x944 ./Drivers/STM32L1xx_HAL_Driver/Src/stm32l1xx_hal_uart.o
 .debug_frame   0x0000000000002974      0x80c ./Middlewares/Third_Party/FreeRTOS/Source/CMSIS_RTOS/cmsis_os.o
 .debug_frame   0x0000000000003180       0xd8 ./Middlewares/Third_Party/FreeRTOS/Source/list.o
 .debug_frame   0x0000000000003258      0x734 ./Middlewares/Third_Party/FreeRTOS/Source/tasks.o
 .debug_frame   0x000000000000398c      0x198 ./Middlewares/Third_Party/FreeRTOS/Source/portable/GCC/ARM_CM3/port.o
 .debug_frame   0x0000000000003b24      0x108 ./Middlewares/Third_Party/FreeRTOS/Source/portable/MemMang/heap_4.o
 .debug_frame   0x0000000000003c2c      0x14c c:/st/stm32cubeide_1.12.1/stm32cubeide/plugins/com.st.stm32cube.ide.mcu.externaltools.gnu-tools-for-stm32.10.3-2021.10.win32_1.0.200.202301161003/tools/bin/../lib/gcc/arm-none-eabi/10.3.1/../../../../arm-none-eabi/lib/thumb/v7-m/nofp\libc_nano.a(lib_a-findfp.o)
 .debug_frame   0x0000000000003d78       0x2c c:/st/stm32cubeide_1.12.1/stm32cubeide/plugins/com.st.stm32cube.ide.mcu.externaltools.gnu-tools-for-stm32.10.3-2021.10.win32_1.0.200.202301161003/tools/bin/../lib/gcc/arm-none-eabi/10.3.1/../../../../arm-none-eabi/lib/thumb/v7-m/nofp\libc_nano.a(lib_a-init.o)
 .debug_frame   0x0000000000003da4       0xb0 c:/st/stm32cubeide_1.12.1/stm32cubeide/plugins/com.st.stm32cube.ide.mcu.externaltools.gnu-tools-for-stm32.10.3-2021.10.win32_1.0.200.202301161003/tools/bin/../lib/gcc/arm-none-eabi/10.3.1/../../../../arm-none-eabi/lib/thumb/v7-m/nofp\libc_nano.a(lib_a-lock.o)
 .debug_frame   0x0000000000003e54       0x20 c:/st/stm32cubeide_1.12.1/stm32cubeide/plugins/com.st.stm32cube.ide.mcu.externaltools.gnu-tools-for-stm32.10.3-2021.10.win32_1.0.200.202301161003/tools/bin/../lib/gcc/arm-none-eabi/10.3.1/../../../../arm-none-eabi/lib/thumb/v7-m/nofp\libc_nano.a(lib_a-memset.o)
 .debug_frame   0x0000000000003e74       0x4c c:/st/stm32cubeide_1.12.1/stm32cubeide/plugins/com.st.stm32cube.ide.mcu.externaltools.gnu-tools-for-stm32.10.3-2021.10.win32_1.0.200.202301161003/tools/bin/../lib/gcc/arm-none-eabi/10.3.1/../../../../arm-none-eabi/lib/thumb/v7-m/nofp\libc_nano.a(lib_a-nano-mallocr.o)
 .debug_frame   0x0000000000003ec0       0x5c c:/st/stm32cubeide_1.12.1/stm32cubeide/plugins/com.st.stm32cube.ide.mcu.externaltools.gnu-tools-for-stm32.10.3-2021.10.win32_1.0.200.202301161003/tools/bin/../lib/gcc/arm-none-eabi/10.3.1/../../../../arm-none-eabi/lib/thumb/v7-m/nofp\libc_nano.a(lib_a-reent.o)
 .debug_frame   0x0000000000003f1c       0x30 c:/st/stm32cubeide_1.12.1/stm32cubeide/plugins/com.st.stm32cube.ide.mcu.externaltools.gnu-tools-for-stm32.10.3-2021.10.win32_1.0.200.202301161003/tools/bin/../lib/gcc/arm-none-eabi/10.3.1/../../../../arm-none-eabi/lib/thumb/v7-m/nofp\libc_nano.a(lib_a-mlock.o)
 .debug_frame   0x0000000000003f4c       0x38 c:/st/stm32cubeide_1.12.1/stm32cubeide/plugins/com.st.stm32cube.ide.mcu.externaltools.gnu-tools-for-stm32.10.3-2021.10.win32_1.0.200.202301161003/tools/bin/../lib/gcc/arm-none-eabi/10.3.1/../../../../arm-none-eabi/lib/thumb/v7-m/nofp\libc_nano.a(lib_a-nano-freer.o)
 .debug_frame   0x0000000000003f84       0x2c c:/st/stm32cubeide_1.12.1/stm32cubeide/plugins/com.st.stm32cube.ide.mcu.externaltools.gnu-tools-for-stm32.10.3-2021.10.win32_1.0.200.202301161003/tools/bin/../lib/gcc/arm-none-eabi/10.3.1/thumb/v7-m/nofp\libgcc.a(_aeabi_uldivmod.o)
 .debug_frame   0x0000000000003fb0       0x34 c:/st/stm32cubeide_1.12.1/stm32cubeide/plugins/com.st.stm32cube.ide.mcu.externaltools.gnu-tools-for-stm32.10.3-2021.10.win32_1.0.200.202301161003/tools/bin/../lib/gcc/arm-none-eabi/10.3.1/thumb/v7-m/nofp\libgcc.a(_udivmoddi4.o)
