../Drivers/CMSIS/Include/core_cm3.h:1876:26:ITM_SendChar	16	static,ignoring_inline_asm
../Core/Src/main.c:63:5:_write	32	static
../Core/Src/main.c:75:5:main	144	static
../Core/Src/main.c:151:6:SystemClock_Config	80	static
../Core/Src/main.c:195:13:MX_USART2_UART_Init	8	static
../Core/Src/main.c:228:13:MX_GPIO_Init	48	static
../Core/Src/main.c:271:6:StartDefaultTask	16	static
../Core/Src/main.c:296:6:HAL_TIM_PeriodElapsedCallback	16	static
../Core/Src/main.c:313:6:Error_Handler	4	static,ignoring_inline_asm
